******************************************************************************
                  TI ARM Linker PC v15.12.3                    
******************************************************************************
>> Linked Sun May 26 17:59:15 2019

OUTPUT FILE NAME:   <02.out>
ENTRY POINT SYMBOL: "_c_int00"  address: 000006e1


MEMORY CONFIGURATION

         name            origin    length      used     unused   attr    fill
----------------------  --------  ---------  --------  --------  ----  --------
  MAIN                  00000000   00040000  00000982  0003f67e  R  X
  INFO                  00200000   00004000  00000000  00004000  R  X
  SRAM_CODE             01000000   00010000  0000021c  0000fde4  RW X
  SRAM_DATA             20000000   00010000  0000021c  0000fde4  RW  


SEGMENT ALLOCATION MAP

run origin  load origin   length   init length attrs members
----------  ----------- ---------- ----------- ----- -------
00000000    00000000    00000984   00000984    r-x
  00000000    00000000    000000e4   000000e4    r-- .intvecs
  000000e4    000000e4    00000842   00000842    r-x .text
  00000928    00000928    00000030   00000030    r-- .const
  00000958    00000958    0000002c   0000002c    r-- .cinit
20000000    20000000    0000001c   00000000    rw-
  20000000    20000000    0000001c   00000000    rw- .data
2000fe00    2000fe00    00000200   00000000    rw-
  2000fe00    2000fe00    00000200   00000000    rw- .stack


SECTION ALLOCATION MAP

 output                                  attributes/
section   page    origin      length       input sections
--------  ----  ----------  ----------   ----------------
.intvecs   0    00000000    000000e4     
                  00000000    000000e4     startup_msp432p401r_ccs.obj (.intvecs:retain)

.binit     0    00000000    00000000     

.text      0    000000e4    00000842     
                  000000e4    0000032c     system_msp432p401r.obj (.text)
                  00000410    0000009c     rtsv7M4_T_le_v4SPD16_eabi.lib : memcpy_t2.obj (.text)
                  000004ac    00000084     main.obj (.text)
                  00000530    0000007a     rtsv7M4_T_le_v4SPD16_eabi.lib : memset_t2.obj (.text)
                  000005aa    00000002                                   : mpu_init.obj (.text)
                  000005ac    00000070                                   : autoinit.obj (.text)
                  0000061c    0000006a                                   : copy_decompress_rle.obj (.text)
                  00000686    00000002                                   : startup.obj (.text)
                  00000688    00000058     msp432p4xx_driverlib.lib : gpio.o (.text:GPIO_setAsInputPinWithPullUpResistor)
                  000006e0    00000054     rtsv7M4_T_le_v4SPD16_eabi.lib : boot.obj (.text)
                  00000734    00000054                                   : exit.obj (.text)
                  00000788    0000004c                                   : cpy_tbl.obj (.text)
                  000007d4    00000040     msp432p4xx_driverlib.lib : gpio.o (.text:GPIO_setAsOutputPin)
                  00000814    00000030                              : gpio.o (.text:GPIO_getInputPinValue)
                  00000844    00000028                              : gpio.o (.text:GPIO_toggleOutputOnPin)
                  0000086c    00000024                              : wdt_a.o (.text:WDT_A_holdTimer)
                  00000890    00000018                              : systick.o (.text:SysTick_setPeriod)
                  000008a8    00000018     rtsv7M4_T_le_v4SPD16_eabi.lib : args_main.obj (.text)
                  000008c0    00000014                                   : _lock.obj (.text)
                  000008d4    00000010     msp432p4xx_driverlib.lib : systick.o (.text:SysTick_disableModule)
                  000008e4    00000010                              : systick.o (.text:SysTick_enableModule)
                  000008f4    0000000e     rtsv7M4_T_le_v4SPD16_eabi.lib : copy_decompress_none.obj (.text:decompress:none)
                  00000902    0000000e     startup_msp432p401r_ccs.obj (.text)
                  00000910    0000000c     msp432p4xx_driverlib.lib : systick.o (.text:SysTick_getValue)
                  0000091c    00000006     rtsv7M4_T_le_v4SPD16_eabi.lib : copy_decompress_rle.obj (.text:decompress:rle24)
                  00000922    00000004                                   : pre_init.obj (.text)

.const     0    00000928    00000030     
                  00000928    00000030     msp432p4xx_driverlib.lib : gpio.o (.const:GPIO_PORT_TO_BASE)

.cinit     0    00000958    0000002c     
                  00000958    0000001a     (.cinit..data.load) [load image, compression = rle]
                  00000972    00000002     --HOLE-- [fill = 0]
                  00000974    00000008     (__TI_handler_table)
                  0000097c    00000008     (__TI_cinit_table)

.init_array 
*          0    00000000    00000000     UNINITIALIZED

.data      0    20000000    0000001c     UNINITIALIZED
                  20000000    0000000c     rtsv7M4_T_le_v4SPD16_eabi.lib : exit.obj (.data:$O1$$)
                  2000000c    00000008                                   : _lock.obj (.data:$O1$$)
                  20000014    00000004                                   : stkdepth_vars.obj (.data)
                  20000018    00000004     system_msp432p401r.obj (.data)

.stack     0    2000fe00    00000200     UNINITIALIZED
                  2000fe00    00000200     --HOLE--

MODULE SUMMARY

       Module                        code   ro data   rw data
       ------                        ----   -------   -------
    .\
       system_msp432p401r.obj        812    0         8      
       startup_msp432p401r_ccs.obj   14     228       0      
       main.obj                      132    0         0      
    +--+-----------------------------+------+---------+---------+
       Total:                        958    228       8      
                                                             
    D:/Program Files (x86)/CCS6.2/ti/simplelink_msp432p4_sdk_3_10_00_08/source/ti/devices/msp432p4xx/driverlib/ccs/msp432p4xx_driverlib.lib
       gpio.o                        240    48        0      
       systick.o                     68     0         0      
       wdt_a.o                       36     0         0      
    +--+-----------------------------+------+---------+---------+
       Total:                        344    48        0      
                                                             
    D:\Program Files (x86)\CCS6.2\ccsv6\tools\compiler\arm_15.12.3.LTS\lib\rtsv7M4_T_le_v4SPD16_eabi.lib
       memcpy_t2.obj                 156    0         0      
       memset_t2.obj                 122    0         0      
       autoinit.obj                  112    0         0      
       copy_decompress_rle.obj       112    0         0      
       exit.obj                      84     0         24     
       boot.obj                      84     0         0      
       cpy_tbl.obj                   76     0         0      
       _lock.obj                     20     0         16     
       args_main.obj                 24     0         0      
       copy_decompress_none.obj      14     0         0      
       stkdepth_vars.obj             0      0         8      
       pre_init.obj                  4      0         0      
       mpu_init.obj                  2      0         0      
       startup.obj                   2      0         0      
    +--+-----------------------------+------+---------+---------+
       Total:                        812    0         48     
                                                             
       Stack:                        0      0         1024   
       Linker Generated:             0      42        0      
    +--+-----------------------------+------+---------+---------+
       Grand Total:                  2114   318       1080   


LINKER GENERATED COPY TABLES

__TI_cinit_table @ 0000097c records: 1, size/record: 8, table size: 8
	.data: load addr=00000958, load size=0000001a bytes, run addr=20000000, run size=0000001c bytes, compression=rle


LINKER GENERATED HANDLER TABLE

__TI_handler_table @ 00000974 records: 2, size/record: 4, table size: 8
	index: 0, handler: __TI_decompress_rle24
	index: 1, handler: __TI_decompress_none


GLOBAL SYMBOLS: SORTED ALPHABETICALLY BY Name 

address   name                                
-------   ----                                
0000090f  ADC14_IRQHandler                    
0000090f  AES256_IRQHandler                   
0000090f  BusFault_Handler                    
00000735  C$$EXIT                             
0000090f  COMP_E0_IRQHandler                  
0000090f  COMP_E1_IRQHandler                  
0000090f  CS_IRQHandler                       
0000090f  DMA_ERR_IRQHandler                  
0000090f  DMA_INT0_IRQHandler                 
0000090f  DMA_INT1_IRQHandler                 
0000090f  DMA_INT2_IRQHandler                 
0000090f  DMA_INT3_IRQHandler                 
0000090f  DebugMon_Handler                    
0000090f  Default_Handler                     
0000090f  EUSCIA0_IRQHandler                  
0000090f  EUSCIA1_IRQHandler                  
0000090f  EUSCIA2_IRQHandler                  
0000090f  EUSCIA3_IRQHandler                  
0000090f  EUSCIB0_IRQHandler                  
0000090f  EUSCIB1_IRQHandler                  
0000090f  EUSCIB2_IRQHandler                  
0000090f  EUSCIB3_IRQHandler                  
0000090f  FLCTL_IRQHandler                    
0000090f  FPU_IRQHandler                      
00000815  GPIO_getInputPinValue               
00000689  GPIO_setAsInputPinWithPullUpResistor
000007d5  GPIO_setAsOutputPin                 
00000845  GPIO_toggleOutputOnPin              
0000090f  HardFault_Handler                   
0000090f  MemManage_Handler                   
0000090f  NMI_Handler                         
0000090f  PCM_IRQHandler                      
0000090f  PORT1_IRQHandler                    
0000090f  PORT2_IRQHandler                    
0000090f  PORT3_IRQHandler                    
0000090f  PORT4_IRQHandler                    
0000090f  PORT5_IRQHandler                    
0000090f  PORT6_IRQHandler                    
0000090f  PSS_IRQHandler                      
0000090f  PendSV_Handler                      
0000090f  RTC_C_IRQHandler                    
00000903  Reset_Handler                       
UNDEFED   SHT$$INIT_ARRAY$$Base               
UNDEFED   SHT$$INIT_ARRAY$$Limit              
0000090f  SVC_Handler                         
0000090f  SysTick_Handler                     
000008d5  SysTick_disableModule               
000008e5  SysTick_enableModule                
00000911  SysTick_getValue                    
00000891  SysTick_setPeriod                   
20000018  SystemCoreClock                     
000000e5  SystemCoreClockUpdate               
00000359  SystemInit                          
0000090f  T32_INT1_IRQHandler                 
0000090f  T32_INT2_IRQHandler                 
0000090f  T32_INTC_IRQHandler                 
0000090f  TA0_0_IRQHandler                    
0000090f  TA0_N_IRQHandler                    
0000090f  TA1_0_IRQHandler                    
0000090f  TA1_N_IRQHandler                    
0000090f  TA2_0_IRQHandler                    
0000090f  TA2_N_IRQHandler                    
0000090f  TA3_0_IRQHandler                    
0000090f  TA3_N_IRQHandler                    
0000090f  UsageFault_Handler                  
4000480c  WDTCTL_SYM                          
0000090f  WDT_A_IRQHandler                    
0000086d  WDT_A_holdTimer                     
20010000  __STACK_END                         
00000200  __STACK_SIZE                        
0000097c  __TI_CINIT_Base                     
00000984  __TI_CINIT_Limit                    
00000974  __TI_Handler_Table_Base             
0000097c  __TI_Handler_Table_Limit            
000005ad  __TI_auto_init                      
20000000  __TI_cleanup_ptr                    
000008f5  __TI_decompress_none                
0000091d  __TI_decompress_rle24               
20000004  __TI_dtors_ptr                      
20000008  __TI_enable_exit_profile_output     
ffffffff  __TI_pprof_out_hndl                 
ffffffff  __TI_prof_data_size                 
ffffffff  __TI_prof_data_start                
00000000  __TI_static_base__                  
00000531  __aeabi_memclr                      
00000531  __aeabi_memclr4                     
00000531  __aeabi_memclr8                     
00000411  __aeabi_memcpy                      
00000411  __aeabi_memcpy4                     
00000411  __aeabi_memcpy8                     
00000533  __aeabi_memset                      
00000533  __aeabi_memset4                     
00000533  __aeabi_memset8                     
ffffffff  __binit__                           
ffffffff  __c_args__                          
000005ab  __mpu_init                          
2000fe00  __stack                             
000008a9  _args_main                          
000006e1  _c_int00                            
2000000c  _lock                               
000008cf  _nop                                
000008c7  _register_lock                      
000008c1  _register_unlock                    
00000687  _system_post_cinit                  
00000923  _system_pre_init                    
20000010  _unlock                             
00000739  abort                               
ffffffff  binit                               
00000789  copy_in                             
00000741  exit                                
00000000  interruptVectors                    
000004ad  main                                
20000014  main_func_sp                        
00000411  memcpy                              
00000539  memset                              


GLOBAL SYMBOLS: SORTED BY Symbol Address 

address   name                                
-------   ----                                
00000000  __TI_static_base__                  
00000000  interruptVectors                    
000000e5  SystemCoreClockUpdate               
00000200  __STACK_SIZE                        
00000359  SystemInit                          
00000411  __aeabi_memcpy                      
00000411  __aeabi_memcpy4                     
00000411  __aeabi_memcpy8                     
00000411  memcpy                              
000004ad  main                                
00000531  __aeabi_memclr                      
00000531  __aeabi_memclr4                     
00000531  __aeabi_memclr8                     
00000533  __aeabi_memset                      
00000533  __aeabi_memset4                     
00000533  __aeabi_memset8                     
00000539  memset                              
000005ab  __mpu_init                          
000005ad  __TI_auto_init                      
00000687  _system_post_cinit                  
00000689  GPIO_setAsInputPinWithPullUpResistor
000006e1  _c_int00                            
00000735  C$$EXIT                             
00000739  abort                               
00000741  exit                                
00000789  copy_in                             
000007d5  GPIO_setAsOutputPin                 
00000815  GPIO_getInputPinValue               
00000845  GPIO_toggleOutputOnPin              
0000086d  WDT_A_holdTimer                     
00000891  SysTick_setPeriod                   
000008a9  _args_main                          
000008c1  _register_unlock                    
000008c7  _register_lock                      
000008cf  _nop                                
000008d5  SysTick_disableModule               
000008e5  SysTick_enableModule                
000008f5  __TI_decompress_none                
00000903  Reset_Handler                       
0000090f  ADC14_IRQHandler                    
0000090f  AES256_IRQHandler                   
0000090f  BusFault_Handler                    
0000090f  COMP_E0_IRQHandler                  
0000090f  COMP_E1_IRQHandler                  
0000090f  CS_IRQHandler                       
0000090f  DMA_ERR_IRQHandler                  
0000090f  DMA_INT0_IRQHandler                 
0000090f  DMA_INT1_IRQHandler                 
0000090f  DMA_INT2_IRQHandler                 
0000090f  DMA_INT3_IRQHandler                 
0000090f  DebugMon_Handler                    
0000090f  Default_Handler                     
0000090f  EUSCIA0_IRQHandler                  
0000090f  EUSCIA1_IRQHandler                  
0000090f  EUSCIA2_IRQHandler                  
0000090f  EUSCIA3_IRQHandler                  
0000090f  EUSCIB0_IRQHandler                  
0000090f  EUSCIB1_IRQHandler                  
0000090f  EUSCIB2_IRQHandler                  
0000090f  EUSCIB3_IRQHandler                  
0000090f  FLCTL_IRQHandler                    
0000090f  FPU_IRQHandler                      
0000090f  HardFault_Handler                   
0000090f  MemManage_Handler                   
0000090f  NMI_Handler                         
0000090f  PCM_IRQHandler                      
0000090f  PORT1_IRQHandler                    
0000090f  PORT2_IRQHandler                    
0000090f  PORT3_IRQHandler                    
0000090f  PORT4_IRQHandler                    
0000090f  PORT5_IRQHandler                    
0000090f  PORT6_IRQHandler                    
0000090f  PSS_IRQHandler                      
0000090f  PendSV_Handler                      
0000090f  RTC_C_IRQHandler                    
0000090f  SVC_Handler                         
0000090f  SysTick_Handler                     
0000090f  T32_INT1_IRQHandler                 
0000090f  T32_INT2_IRQHandler                 
0000090f  T32_INTC_IRQHandler                 
0000090f  TA0_0_IRQHandler                    
0000090f  TA0_N_IRQHandler                    
0000090f  TA1_0_IRQHandler                    
0000090f  TA1_N_IRQHandler                    
0000090f  TA2_0_IRQHandler                    
0000090f  TA2_N_IRQHandler                    
0000090f  TA3_0_IRQHandler                    
0000090f  TA3_N_IRQHandler                    
0000090f  UsageFault_Handler                  
0000090f  WDT_A_IRQHandler                    
00000911  SysTick_getValue                    
0000091d  __TI_decompress_rle24               
00000923  _system_pre_init                    
00000974  __TI_Handler_Table_Base             
0000097c  __TI_CINIT_Base                     
0000097c  __TI_Handler_Table_Limit            
00000984  __TI_CINIT_Limit                    
20000000  __TI_cleanup_ptr                    
20000004  __TI_dtors_ptr                      
20000008  __TI_enable_exit_profile_output     
2000000c  _lock                               
20000010  _unlock                             
20000014  main_func_sp                        
20000018  SystemCoreClock                     
2000fe00  __stack                             
20010000  __STACK_END                         
4000480c  WDTCTL_SYM                          
ffffffff  __TI_pprof_out_hndl                 
ffffffff  __TI_prof_data_size                 
ffffffff  __TI_prof_data_start                
ffffffff  __binit__                           
ffffffff  __c_args__                          
ffffffff  binit                               
UNDEFED   SHT$$INIT_ARRAY$$Base               
UNDEFED   SHT$$INIT_ARRAY$$Limit              

[115 symbols]
