******************************************************************************
                  TI ARM Linker PC v15.12.3                    
******************************************************************************
>> Linked Sun May 26 17:27:24 2019

OUTPUT FILE NAME:   <01.out>
ENTRY POINT SYMBOL: "_c_int00"  address: 00000605


MEMORY CONFIGURATION

         name            origin    length      used     unused   attr    fill
----------------------  --------  ---------  --------  --------  ----  --------
  MAIN                  00000000   00040000  0000082e  0003f7d2  R  X
  INFO                  00200000   00004000  00000000  00004000  R  X
  SRAM_CODE             01000000   00010000  0000021c  0000fde4  RW X
  SRAM_DATA             20000000   00010000  0000021c  0000fde4  RW  


SEGMENT ALLOCATION MAP

run origin  load origin   length   init length attrs members
----------  ----------- ---------- ----------- ----- -------
00000000    00000000    00000834   00000834    r-x
  00000000    00000000    000000e4   000000e4    r-- .intvecs
  000000e4    000000e4    000006ee   000006ee    r-x .text
  000007d4    000007d4    00000030   00000030    r-- .const
  00000808    00000808    0000002c   0000002c    r-- .cinit
20000000    20000000    0000001c   00000000    rw-
  20000000    20000000    0000001c   00000000    rw- .data
2000fe00    2000fe00    00000200   00000000    rw-
  2000fe00    2000fe00    00000200   00000000    rw- .stack


SECTION ALLOCATION MAP

 output                                  attributes/
section   page    origin      length       input sections
--------  ----  ----------  ----------   ----------------
.intvecs   0    00000000    000000e4     
                  00000000    000000e4     startup_msp432p401r_ccs.obj (.intvecs:retain)

.binit     0    00000000    00000000     

.text      0    000000e4    000006ee     
                  000000e4    0000032c     system_msp432p401r.obj (.text)
                  00000410    0000009c     rtsv7M4_T_le_v4SPD16_eabi.lib : memcpy_t2.obj (.text)
                  000004ac    0000007a                                   : memset_t2.obj (.text)
                  00000526    00000002                                   : mpu_init.obj (.text)
                  00000528    00000070                                   : autoinit.obj (.text)
                  00000598    0000006a                                   : copy_decompress_rle.obj (.text)
                  00000602    00000002                                   : startup.obj (.text)
                  00000604    00000054                                   : boot.obj (.text)
                  00000658    00000054                                   : exit.obj (.text)
                  000006ac    0000004c                                   : cpy_tbl.obj (.text)
                  000006f8    00000040     msp432p4xx_driverlib.lib : gpio.o (.text:GPIO_setAsOutputPin)
                  00000738    00000028                              : gpio.o (.text:GPIO_setOutputHighOnPin)
                  00000760    00000020     main.obj (.text)
                  00000780    00000018     rtsv7M4_T_le_v4SPD16_eabi.lib : args_main.obj (.text)
                  00000798    00000014                                   : _lock.obj (.text)
                  000007ac    0000000e                                   : copy_decompress_none.obj (.text:decompress:none)
                  000007ba    0000000e     startup_msp432p401r_ccs.obj (.text)
                  000007c8    00000006     rtsv7M4_T_le_v4SPD16_eabi.lib : copy_decompress_rle.obj (.text:decompress:rle24)
                  000007ce    00000004                                   : pre_init.obj (.text)

.const     0    000007d4    00000030     
                  000007d4    00000030     msp432p4xx_driverlib.lib : gpio.o (.const:GPIO_PORT_TO_BASE)

.cinit     0    00000808    0000002c     
                  00000808    0000001a     (.cinit..data.load) [load image, compression = rle]
                  00000822    00000002     --HOLE-- [fill = 0]
                  00000824    00000008     (__TI_handler_table)
                  0000082c    00000008     (__TI_cinit_table)

.init_array 
*          0    00000000    00000000     UNINITIALIZED

.data      0    20000000    0000001c     UNINITIALIZED
                  20000000    0000000c     rtsv7M4_T_le_v4SPD16_eabi.lib : exit.obj (.data:$O1$$)
                  2000000c    00000008                                   : _lock.obj (.data:$O1$$)
                  20000014    00000004                                   : stkdepth_vars.obj (.data)
                  20000018    00000004     system_msp432p401r.obj (.data)

.stack     0    2000fe00    00000200     UNINITIALIZED
                  2000fe00    00000200     --HOLE--

MODULE SUMMARY

       Module                        code   ro data   rw data
       ------                        ----   -------   -------
    .\
       system_msp432p401r.obj        812    0         8      
       startup_msp432p401r_ccs.obj   14     228       0      
       main.obj                      32     0         0      
    +--+-----------------------------+------+---------+---------+
       Total:                        858    228       8      
                                                             
    D:/Program Files (x86)/CCS6.2/ti/simplelink_msp432p4_sdk_3_10_00_08/source/ti/devices/msp432p4xx/driverlib/ccs/msp432p4xx_driverlib.lib
       gpio.o                        104    48        0      
    +--+-----------------------------+------+---------+---------+
       Total:                        104    48        0      
                                                             
    D:\Program Files (x86)\CCS6.2\ccsv6\tools\compiler\arm_15.12.3.LTS\lib\rtsv7M4_T_le_v4SPD16_eabi.lib
       memcpy_t2.obj                 156    0         0      
       memset_t2.obj                 122    0         0      
       autoinit.obj                  112    0         0      
       copy_decompress_rle.obj       112    0         0      
       exit.obj                      84     0         24     
       boot.obj                      84     0         0      
       cpy_tbl.obj                   76     0         0      
       _lock.obj                     20     0         16     
       args_main.obj                 24     0         0      
       copy_decompress_none.obj      14     0         0      
       stkdepth_vars.obj             0      0         8      
       pre_init.obj                  4      0         0      
       mpu_init.obj                  2      0         0      
       startup.obj                   2      0         0      
    +--+-----------------------------+------+---------+---------+
       Total:                        812    0         48     
                                                             
       Stack:                        0      0         1024   
       Linker Generated:             0      42        0      
    +--+-----------------------------+------+---------+---------+
       Grand Total:                  1774   318       1080   


LINKER GENERATED COPY TABLES

__TI_cinit_table @ 0000082c records: 1, size/record: 8, table size: 8
	.data: load addr=00000808, load size=0000001a bytes, run addr=20000000, run size=0000001c bytes, compression=rle


LINKER GENERATED HANDLER TABLE

__TI_handler_table @ 00000824 records: 2, size/record: 4, table size: 8
	index: 0, handler: __TI_decompress_rle24
	index: 1, handler: __TI_decompress_none


GLOBAL SYMBOLS: SORTED ALPHABETICALLY BY Name 

address   name                           
-------   ----                           
000007c7  ADC14_IRQHandler               
000007c7  AES256_IRQHandler              
000007c7  BusFault_Handler               
00000659  C$$EXIT                        
000007c7  COMP_E0_IRQHandler             
000007c7  COMP_E1_IRQHandler             
000007c7  CS_IRQHandler                  
000007c7  DMA_ERR_IRQHandler             
000007c7  DMA_INT0_IRQHandler            
000007c7  DMA_INT1_IRQHandler            
000007c7  DMA_INT2_IRQHandler            
000007c7  DMA_INT3_IRQHandler            
000007c7  DebugMon_Handler               
000007c7  Default_Handler                
000007c7  EUSCIA0_IRQHandler             
000007c7  EUSCIA1_IRQHandler             
000007c7  EUSCIA2_IRQHandler             
000007c7  EUSCIA3_IRQHandler             
000007c7  EUSCIB0_IRQHandler             
000007c7  EUSCIB1_IRQHandler             
000007c7  EUSCIB2_IRQHandler             
000007c7  EUSCIB3_IRQHandler             
000007c7  FLCTL_IRQHandler               
000007c7  FPU_IRQHandler                 
000006f9  GPIO_setAsOutputPin            
00000739  GPIO_setOutputHighOnPin        
000007c7  HardFault_Handler              
000007c7  MemManage_Handler              
000007c7  NMI_Handler                    
000007c7  PCM_IRQHandler                 
000007c7  PORT1_IRQHandler               
000007c7  PORT2_IRQHandler               
000007c7  PORT3_IRQHandler               
000007c7  PORT4_IRQHandler               
000007c7  PORT5_IRQHandler               
000007c7  PORT6_IRQHandler               
000007c7  PSS_IRQHandler                 
000007c7  PendSV_Handler                 
000007c7  RTC_C_IRQHandler               
000007bb  Reset_Handler                  
UNDEFED   SHT$$INIT_ARRAY$$Base          
UNDEFED   SHT$$INIT_ARRAY$$Limit         
000007c7  SVC_Handler                    
000007c7  SysTick_Handler                
20000018  SystemCoreClock                
000000e5  SystemCoreClockUpdate          
00000359  SystemInit                     
000007c7  T32_INT1_IRQHandler            
000007c7  T32_INT2_IRQHandler            
000007c7  T32_INTC_IRQHandler            
000007c7  TA0_0_IRQHandler               
000007c7  TA0_N_IRQHandler               
000007c7  TA1_0_IRQHandler               
000007c7  TA1_N_IRQHandler               
000007c7  TA2_0_IRQHandler               
000007c7  TA2_N_IRQHandler               
000007c7  TA3_0_IRQHandler               
000007c7  TA3_N_IRQHandler               
000007c7  UsageFault_Handler             
4000480c  WDTCTL_SYM                     
000007c7  WDT_A_IRQHandler               
20010000  __STACK_END                    
00000200  __STACK_SIZE                   
0000082c  __TI_CINIT_Base                
00000834  __TI_CINIT_Limit               
00000824  __TI_Handler_Table_Base        
0000082c  __TI_Handler_Table_Limit       
00000529  __TI_auto_init                 
20000000  __TI_cleanup_ptr               
000007ad  __TI_decompress_none           
000007c9  __TI_decompress_rle24          
20000004  __TI_dtors_ptr                 
20000008  __TI_enable_exit_profile_output
ffffffff  __TI_pprof_out_hndl            
ffffffff  __TI_prof_data_size            
ffffffff  __TI_prof_data_start           
00000000  __TI_static_base__             
000004ad  __aeabi_memclr                 
000004ad  __aeabi_memclr4                
000004ad  __aeabi_memclr8                
00000411  __aeabi_memcpy                 
00000411  __aeabi_memcpy4                
00000411  __aeabi_memcpy8                
000004af  __aeabi_memset                 
000004af  __aeabi_memset4                
000004af  __aeabi_memset8                
ffffffff  __binit__                      
ffffffff  __c_args__                     
00000527  __mpu_init                     
2000fe00  __stack                        
00000781  _args_main                     
00000605  _c_int00                       
2000000c  _lock                          
000007a7  _nop                           
0000079f  _register_lock                 
00000799  _register_unlock               
00000603  _system_post_cinit             
000007cf  _system_pre_init               
20000010  _unlock                        
0000065d  abort                          
ffffffff  binit                          
000006ad  copy_in                        
00000665  exit                           
00000000  interruptVectors               
00000761  main                           
20000014  main_func_sp                   
00000411  memcpy                         
000004b5  memset                         


GLOBAL SYMBOLS: SORTED BY Symbol Address 

address   name                           
-------   ----                           
00000000  __TI_static_base__             
00000000  interruptVectors               
000000e5  SystemCoreClockUpdate          
00000200  __STACK_SIZE                   
00000359  SystemInit                     
00000411  __aeabi_memcpy                 
00000411  __aeabi_memcpy4                
00000411  __aeabi_memcpy8                
00000411  memcpy                         
000004ad  __aeabi_memclr                 
000004ad  __aeabi_memclr4                
000004ad  __aeabi_memclr8                
000004af  __aeabi_memset                 
000004af  __aeabi_memset4                
000004af  __aeabi_memset8                
000004b5  memset                         
00000527  __mpu_init                     
00000529  __TI_auto_init                 
00000603  _system_post_cinit             
00000605  _c_int00                       
00000659  C$$EXIT                        
0000065d  abort                          
00000665  exit                           
000006ad  copy_in                        
000006f9  GPIO_setAsOutputPin            
00000739  GPIO_setOutputHighOnPin        
00000761  main                           
00000781  _args_main                     
00000799  _register_unlock               
0000079f  _register_lock                 
000007a7  _nop                           
000007ad  __TI_decompress_none           
000007bb  Reset_Handler                  
000007c7  ADC14_IRQHandler               
000007c7  AES256_IRQHandler              
000007c7  BusFault_Handler               
000007c7  COMP_E0_IRQHandler             
000007c7  COMP_E1_IRQHandler             
000007c7  CS_IRQHandler                  
000007c7  DMA_ERR_IRQHandler             
000007c7  DMA_INT0_IRQHandler            
000007c7  DMA_INT1_IRQHandler            
000007c7  DMA_INT2_IRQHandler            
000007c7  DMA_INT3_IRQHandler            
000007c7  DebugMon_Handler               
000007c7  Default_Handler                
000007c7  EUSCIA0_IRQHandler             
000007c7  EUSCIA1_IRQHandler             
000007c7  EUSCIA2_IRQHandler             
000007c7  EUSCIA3_IRQHandler             
000007c7  EUSCIB0_IRQHandler             
000007c7  EUSCIB1_IRQHandler             
000007c7  EUSCIB2_IRQHandler             
000007c7  EUSCIB3_IRQHandler             
000007c7  FLCTL_IRQHandler               
000007c7  FPU_IRQHandler                 
000007c7  HardFault_Handler              
000007c7  MemManage_Handler              
000007c7  NMI_Handler                    
000007c7  PCM_IRQHandler                 
000007c7  PORT1_IRQHandler               
000007c7  PORT2_IRQHandler               
000007c7  PORT3_IRQHandler               
000007c7  PORT4_IRQHandler               
000007c7  PORT5_IRQHandler               
000007c7  PORT6_IRQHandler               
000007c7  PSS_IRQHandler                 
000007c7  PendSV_Handler                 
000007c7  RTC_C_IRQHandler               
000007c7  SVC_Handler                    
000007c7  SysTick_Handler                
000007c7  T32_INT1_IRQHandler            
000007c7  T32_INT2_IRQHandler            
000007c7  T32_INTC_IRQHandler            
000007c7  TA0_0_IRQHandler               
000007c7  TA0_N_IRQHandler               
000007c7  TA1_0_IRQHandler               
000007c7  TA1_N_IRQHandler               
000007c7  TA2_0_IRQHandler               
000007c7  TA2_N_IRQHandler               
000007c7  TA3_0_IRQHandler               
000007c7  TA3_N_IRQHandler               
000007c7  UsageFault_Handler             
000007c7  WDT_A_IRQHandler               
000007c9  __TI_decompress_rle24          
000007cf  _system_pre_init               
00000824  __TI_Handler_Table_Base        
0000082c  __TI_CINIT_Base                
0000082c  __TI_Handler_Table_Limit       
00000834  __TI_CINIT_Limit               
20000000  __TI_cleanup_ptr               
20000004  __TI_dtors_ptr                 
20000008  __TI_enable_exit_profile_output
2000000c  _lock                          
20000010  _unlock                        
20000014  main_func_sp                   
20000018  SystemCoreClock                
2000fe00  __stack                        
20010000  __STACK_END                    
4000480c  WDTCTL_SYM                     
ffffffff  __TI_pprof_out_hndl            
ffffffff  __TI_prof_data_size            
ffffffff  __TI_prof_data_start           
ffffffff  __binit__                      
ffffffff  __c_args__                     
ffffffff  binit                          
UNDEFED   SHT$$INIT_ARRAY$$Base          
UNDEFED   SHT$$INIT_ARRAY$$Limit         

[108 symbols]
