<?xml version="1.0"?>
<link_info>
   <banner>TI ARM Linker PC v15.12.3.LTS</banner>
   <copyright>Copyright (c) 1996-2015 Texas Instruments Incorporated</copyright>
   <link_time>0x5cebfb0b</link_time>
   <link_errors>0x0</link_errors>
   <output_file>Mode_of_MSP432.out</output_file>
   <entry_point>
      <name>_c_int00</name>
      <address>0x128d</address>
   </entry_point>
   <input_file_list>
      <input_file id="fl-2">
         <path>.\</path>
         <kind>object</kind>
         <file>main.obj</file>
         <name>main.obj</name>
      </input_file>
      <input_file id="fl-3">
         <path>.\</path>
         <kind>object</kind>
         <file>startup_msp432p401r_ccs.obj</file>
         <name>startup_msp432p401r_ccs.obj</name>
      </input_file>
      <input_file id="fl-4">
         <path>.\</path>
         <kind>object</kind>
         <file>system_msp432p401r.obj</file>
         <name>system_msp432p401r.obj</name>
      </input_file>
      <input_file id="fl-5">
         <path>.\DriverLib\</path>
         <kind>object</kind>
         <file>adc14.obj</file>
         <name>adc14.obj</name>
      </input_file>
      <input_file id="fl-6">
         <path>.\DriverLib\</path>
         <kind>object</kind>
         <file>aes256.obj</file>
         <name>aes256.obj</name>
      </input_file>
      <input_file id="fl-7">
         <path>.\DriverLib\</path>
         <kind>object</kind>
         <file>comp_e.obj</file>
         <name>comp_e.obj</name>
      </input_file>
      <input_file id="fl-8">
         <path>.\DriverLib\</path>
         <kind>object</kind>
         <file>cpu.obj</file>
         <name>cpu.obj</name>
      </input_file>
      <input_file id="fl-9">
         <path>.\DriverLib\</path>
         <kind>object</kind>
         <file>crc32.obj</file>
         <name>crc32.obj</name>
      </input_file>
      <input_file id="fl-a">
         <path>.\DriverLib\</path>
         <kind>object</kind>
         <file>cs.obj</file>
         <name>cs.obj</name>
      </input_file>
      <input_file id="fl-b">
         <path>.\DriverLib\</path>
         <kind>object</kind>
         <file>dma.obj</file>
         <name>dma.obj</name>
      </input_file>
      <input_file id="fl-c">
         <path>.\DriverLib\</path>
         <kind>object</kind>
         <file>flash.obj</file>
         <name>flash.obj</name>
      </input_file>
      <input_file id="fl-d">
         <path>.\DriverLib\</path>
         <kind>object</kind>
         <file>flash_a.obj</file>
         <name>flash_a.obj</name>
      </input_file>
      <input_file id="fl-e">
         <path>.\DriverLib\</path>
         <kind>object</kind>
         <file>fpu.obj</file>
         <name>fpu.obj</name>
      </input_file>
      <input_file id="fl-f">
         <path>.\DriverLib\</path>
         <kind>object</kind>
         <file>gpio.obj</file>
         <name>gpio.obj</name>
      </input_file>
      <input_file id="fl-10">
         <path>.\DriverLib\</path>
         <kind>object</kind>
         <file>i2c.obj</file>
         <name>i2c.obj</name>
      </input_file>
      <input_file id="fl-11">
         <path>.\DriverLib\</path>
         <kind>object</kind>
         <file>interrupt.obj</file>
         <name>interrupt.obj</name>
      </input_file>
      <input_file id="fl-12">
         <path>.\DriverLib\</path>
         <kind>object</kind>
         <file>lcd_f.obj</file>
         <name>lcd_f.obj</name>
      </input_file>
      <input_file id="fl-13">
         <path>.\DriverLib\</path>
         <kind>object</kind>
         <file>mpu.obj</file>
         <name>mpu.obj</name>
      </input_file>
      <input_file id="fl-14">
         <path>.\DriverLib\</path>
         <kind>object</kind>
         <file>pcm.obj</file>
         <name>pcm.obj</name>
      </input_file>
      <input_file id="fl-15">
         <path>.\DriverLib\</path>
         <kind>object</kind>
         <file>pmap.obj</file>
         <name>pmap.obj</name>
      </input_file>
      <input_file id="fl-16">
         <path>.\DriverLib\</path>
         <kind>object</kind>
         <file>pss.obj</file>
         <name>pss.obj</name>
      </input_file>
      <input_file id="fl-17">
         <path>.\DriverLib\</path>
         <kind>object</kind>
         <file>ref_a.obj</file>
         <name>ref_a.obj</name>
      </input_file>
      <input_file id="fl-18">
         <path>.\DriverLib\</path>
         <kind>object</kind>
         <file>reset.obj</file>
         <name>reset.obj</name>
      </input_file>
      <input_file id="fl-19">
         <path>.\DriverLib\</path>
         <kind>object</kind>
         <file>rtc_c.obj</file>
         <name>rtc_c.obj</name>
      </input_file>
      <input_file id="fl-1a">
         <path>.\DriverLib\</path>
         <kind>object</kind>
         <file>spi.obj</file>
         <name>spi.obj</name>
      </input_file>
      <input_file id="fl-1b">
         <path>.\DriverLib\</path>
         <kind>object</kind>
         <file>sysctl.obj</file>
         <name>sysctl.obj</name>
      </input_file>
      <input_file id="fl-1c">
         <path>.\DriverLib\</path>
         <kind>object</kind>
         <file>sysctl_a.obj</file>
         <name>sysctl_a.obj</name>
      </input_file>
      <input_file id="fl-1d">
         <path>.\DriverLib\</path>
         <kind>object</kind>
         <file>systick.obj</file>
         <name>systick.obj</name>
      </input_file>
      <input_file id="fl-1e">
         <path>.\DriverLib\</path>
         <kind>object</kind>
         <file>timer32.obj</file>
         <name>timer32.obj</name>
      </input_file>
      <input_file id="fl-1f">
         <path>.\DriverLib\</path>
         <kind>object</kind>
         <file>timer_a.obj</file>
         <name>timer_a.obj</name>
      </input_file>
      <input_file id="fl-20">
         <path>.\DriverLib\</path>
         <kind>object</kind>
         <file>uart.obj</file>
         <name>uart.obj</name>
      </input_file>
      <input_file id="fl-21">
         <path>.\DriverLib\</path>
         <kind>object</kind>
         <file>wdt_a.obj</file>
         <name>wdt_a.obj</name>
      </input_file>
      <input_file id="fl-dd">
         <path>D:\Program Files (x86)\CCS6.2\ccsv6\tools\compiler\arm_15.12.3.LTS\lib\</path>
         <kind>archive</kind>
         <file>rtsv7M4_T_le_v4SPD16_eabi.lib</file>
         <name>boot.obj</name>
      </input_file>
      <input_file id="fl-de">
         <path>D:\Program Files (x86)\CCS6.2\ccsv6\tools\compiler\arm_15.12.3.LTS\lib\</path>
         <kind>archive</kind>
         <file>rtsv7M4_T_le_v4SPD16_eabi.lib</file>
         <name>copy_decompress_none.obj</name>
      </input_file>
      <input_file id="fl-df">
         <path>D:\Program Files (x86)\CCS6.2\ccsv6\tools\compiler\arm_15.12.3.LTS\lib\</path>
         <kind>archive</kind>
         <file>rtsv7M4_T_le_v4SPD16_eabi.lib</file>
         <name>copy_decompress_rle.obj</name>
      </input_file>
      <input_file id="fl-e0">
         <path>D:\Program Files (x86)\CCS6.2\ccsv6\tools\compiler\arm_15.12.3.LTS\lib\</path>
         <kind>archive</kind>
         <file>rtsv7M4_T_le_v4SPD16_eabi.lib</file>
         <name>copy_zero_init.obj</name>
      </input_file>
      <input_file id="fl-e1">
         <path>D:\Program Files (x86)\CCS6.2\ccsv6\tools\compiler\arm_15.12.3.LTS\lib\</path>
         <kind>archive</kind>
         <file>rtsv7M4_T_le_v4SPD16_eabi.lib</file>
         <name>exit.obj</name>
      </input_file>
      <input_file id="fl-e2">
         <path>D:\Program Files (x86)\CCS6.2\ccsv6\tools\compiler\arm_15.12.3.LTS\lib\</path>
         <kind>archive</kind>
         <file>rtsv7M4_T_le_v4SPD16_eabi.lib</file>
         <name>memcpy_t2.obj</name>
      </input_file>
      <input_file id="fl-e3">
         <path>D:\Program Files (x86)\CCS6.2\ccsv6\tools\compiler\arm_15.12.3.LTS\lib\</path>
         <kind>archive</kind>
         <file>rtsv7M4_T_le_v4SPD16_eabi.lib</file>
         <name>memset_t2.obj</name>
      </input_file>
      <input_file id="fl-e4">
         <path>D:\Program Files (x86)\CCS6.2\ccsv6\tools\compiler\arm_15.12.3.LTS\lib\</path>
         <kind>archive</kind>
         <file>rtsv7M4_T_le_v4SPD16_eabi.lib</file>
         <name>mpu_init.obj</name>
      </input_file>
      <input_file id="fl-e5">
         <path>D:\Program Files (x86)\CCS6.2\ccsv6\tools\compiler\arm_15.12.3.LTS\lib\</path>
         <kind>archive</kind>
         <file>rtsv7M4_T_le_v4SPD16_eabi.lib</file>
         <name>pre_init.obj</name>
      </input_file>
      <input_file id="fl-e6">
         <path>D:\Program Files (x86)\CCS6.2\ccsv6\tools\compiler\arm_15.12.3.LTS\lib\</path>
         <kind>archive</kind>
         <file>rtsv7M4_T_le_v4SPD16_eabi.lib</file>
         <name>stkdepth_vars.obj</name>
      </input_file>
      <input_file id="fl-e7">
         <path>D:\Program Files (x86)\CCS6.2\ccsv6\tools\compiler\arm_15.12.3.LTS\lib\</path>
         <kind>archive</kind>
         <file>rtsv7M4_T_le_v4SPD16_eabi.lib</file>
         <name>_lock.obj</name>
      </input_file>
      <input_file id="fl-e8">
         <path>D:\Program Files (x86)\CCS6.2\ccsv6\tools\compiler\arm_15.12.3.LTS\lib\</path>
         <kind>archive</kind>
         <file>rtsv7M4_T_le_v4SPD16_eabi.lib</file>
         <name>args_main.obj</name>
      </input_file>
      <input_file id="fl-e9">
         <path>D:\Program Files (x86)\CCS6.2\ccsv6\tools\compiler\arm_15.12.3.LTS\lib\</path>
         <kind>archive</kind>
         <file>rtsv7M4_T_le_v4SPD16_eabi.lib</file>
         <name>autoinit.obj</name>
      </input_file>
      <input_file id="fl-ea">
         <path>D:\Program Files (x86)\CCS6.2\ccsv6\tools\compiler\arm_15.12.3.LTS\lib\</path>
         <kind>archive</kind>
         <file>rtsv7M4_T_le_v4SPD16_eabi.lib</file>
         <name>cpy_tbl.obj</name>
      </input_file>
      <input_file id="fl-eb">
         <path>D:\Program Files (x86)\CCS6.2\ccsv6\tools\compiler\arm_15.12.3.LTS\lib\</path>
         <kind>archive</kind>
         <file>rtsv7M4_T_le_v4SPD16_eabi.lib</file>
         <name>startup.obj</name>
      </input_file>
   </input_file_list>
   <object_component_list>
      <object_component id="oc-2c">
         <name>.intvecs:retain</name>
         <load_address>0x0</load_address>
         <run_address>0x0</run_address>
         <size>0xe4</size>
         <input_file_ref idref="fl-3"/>
      </object_component>
      <object_component id="oc-d9">
         <name>.text</name>
         <load_address>0xe4</load_address>
         <run_address>0xe4</run_address>
         <size>0x480</size>
         <input_file_ref idref="fl-f"/>
      </object_component>
      <object_component id="oc-111">
         <name>.text</name>
         <load_address>0x564</load_address>
         <run_address>0x564</run_address>
         <size>0x3f0</size>
         <input_file_ref idref="fl-11"/>
      </object_component>
      <object_component id="oc-bb">
         <name>.text</name>
         <load_address>0x954</load_address>
         <run_address>0x954</run_address>
         <size>0x32c</size>
         <input_file_ref idref="fl-4"/>
      </object_component>
      <object_component id="oc-10b">
         <name>.text</name>
         <load_address>0xc80</load_address>
         <run_address>0xc80</run_address>
         <size>0x248</size>
         <input_file_ref idref="fl-1b"/>
      </object_component>
      <object_component id="oc-d3">
         <name>.text</name>
         <load_address>0xec8</load_address>
         <run_address>0xec8</run_address>
         <size>0xd8</size>
         <input_file_ref idref="fl-21"/>
      </object_component>
      <object_component id="oc-30">
         <name>.text</name>
         <load_address>0xfa0</load_address>
         <run_address>0xfa0</run_address>
         <size>0x9c</size>
         <input_file_ref idref="fl-e2"/>
      </object_component>
      <object_component id="oc-a8">
         <name>.text</name>
         <load_address>0x103c</load_address>
         <run_address>0x103c</run_address>
         <size>0x84</size>
         <input_file_ref idref="fl-2"/>
      </object_component>
      <object_component id="oc-49">
         <name>.text</name>
         <load_address>0x10c0</load_address>
         <run_address>0x10c0</run_address>
         <size>0x7a</size>
         <input_file_ref idref="fl-e3"/>
      </object_component>
      <object_component id="oc-55">
         <name>.text</name>
         <load_address>0x113a</load_address>
         <run_address>0x113a</run_address>
         <size>0x2</size>
         <input_file_ref idref="fl-e4"/>
      </object_component>
      <object_component id="oc-df">
         <name>.text</name>
         <load_address>0x113c</load_address>
         <run_address>0x113c</run_address>
         <size>0x74</size>
         <input_file_ref idref="fl-1d"/>
      </object_component>
      <object_component id="oc-61">
         <name>.text</name>
         <load_address>0x11b0</load_address>
         <run_address>0x11b0</run_address>
         <size>0x70</size>
         <input_file_ref idref="fl-e9"/>
      </object_component>
      <object_component id="oc-3c">
         <name>.text</name>
         <load_address>0x1220</load_address>
         <run_address>0x1220</run_address>
         <size>0x6a</size>
         <input_file_ref idref="fl-df"/>
      </object_component>
      <object_component id="oc-a0">
         <name>.text</name>
         <load_address>0x128a</load_address>
         <run_address>0x128a</run_address>
         <size>0x2</size>
         <input_file_ref idref="fl-eb"/>
      </object_component>
      <object_component id="oc-26">
         <name>.text</name>
         <load_address>0x128c</load_address>
         <run_address>0x128c</run_address>
         <size>0x54</size>
         <input_file_ref idref="fl-dd"/>
      </object_component>
      <object_component id="oc-6d">
         <name>.text</name>
         <load_address>0x12e0</load_address>
         <run_address>0x12e0</run_address>
         <size>0x54</size>
         <input_file_ref idref="fl-e1"/>
      </object_component>
      <object_component id="oc-9a">
         <name>.text</name>
         <load_address>0x1334</load_address>
         <run_address>0x1334</run_address>
         <size>0x4c</size>
         <input_file_ref idref="fl-ea"/>
      </object_component>
      <object_component id="oc-12a">
         <name>.text</name>
         <load_address>0x1380</load_address>
         <run_address>0x1380</run_address>
         <size>0x3e</size>
         <input_file_ref idref="fl-8"/>
      </object_component>
      <object_component id="oc-67">
         <name>.text</name>
         <load_address>0x13c0</load_address>
         <run_address>0x13c0</run_address>
         <size>0x18</size>
         <input_file_ref idref="fl-e8"/>
      </object_component>
      <object_component id="oc-ef">
         <name>.text</name>
         <load_address>0x13d8</load_address>
         <run_address>0x13d8</run_address>
         <size>0x14</size>
         <input_file_ref idref="fl-e7"/>
      </object_component>
      <object_component id="oc-14">
         <name>.text:decompress:none</name>
         <load_address>0x13ec</load_address>
         <run_address>0x13ec</run_address>
         <size>0xe</size>
         <input_file_ref idref="fl-de"/>
      </object_component>
      <object_component id="oc-77">
         <name>.text</name>
         <load_address>0x13fa</load_address>
         <run_address>0x13fa</run_address>
         <size>0xe</size>
         <input_file_ref idref="fl-3"/>
      </object_component>
      <object_component id="oc-1a">
         <name>.text:decompress:rle24</name>
         <load_address>0x1408</load_address>
         <run_address>0x1408</run_address>
         <size>0x6</size>
         <input_file_ref idref="fl-df"/>
      </object_component>
      <object_component id="oc-5b">
         <name>.text</name>
         <load_address>0x140e</load_address>
         <run_address>0x140e</run_address>
         <size>0x4</size>
         <input_file_ref idref="fl-e5"/>
      </object_component>
      <object_component id="oc-136">
         <name>.const:g_pulRegs</name>
         <load_address>0x1414</load_address>
         <run_address>0x1414</run_address>
         <size>0x50</size>
         <input_file_ref idref="fl-11"/>
      </object_component>
      <object_component id="oc-119">
         <name>.const:GPIO_PORT_TO_BASE</name>
         <load_address>0x1464</load_address>
         <run_address>0x1464</run_address>
         <size>0x30</size>
         <input_file_ref idref="fl-f"/>
      </object_component>
      <object_component id="oc-133">
         <name>.const:g_pulPriority</name>
         <load_address>0x1494</load_address>
         <run_address>0x1494</run_address>
         <size>0x20</size>
         <input_file_ref idref="fl-11"/>
      </object_component>
      <object_component id="oc-11c">
         <name>.const:GPIO_PORT_TO_INT</name>
         <load_address>0x14b4</load_address>
         <run_address>0x14b4</run_address>
         <size>0x1c</size>
         <input_file_ref idref="fl-f"/>
      </object_component>
      <object_component id="oc-13c">
         <name>.const:g_pulDisRegs</name>
         <load_address>0x14d0</load_address>
         <run_address>0x14d0</run_address>
         <size>0x8</size>
         <input_file_ref idref="fl-11"/>
      </object_component>
      <object_component id="oc-139">
         <name>.const:g_pulEnRegs</name>
         <load_address>0x14d8</load_address>
         <run_address>0x14d8</run_address>
         <size>0x8</size>
         <input_file_ref idref="fl-11"/>
      </object_component>
      <object_component id="oc-13f">
         <name>.const:g_pulPendRegs</name>
         <load_address>0x14e0</load_address>
         <run_address>0x14e0</run_address>
         <size>0x8</size>
         <input_file_ref idref="fl-11"/>
      </object_component>
      <object_component id="oc-142">
         <name>.const:g_pulUnpendRegs</name>
         <load_address>0x14e8</load_address>
         <run_address>0x14e8</run_address>
         <size>0x8</size>
         <input_file_ref idref="fl-11"/>
      </object_component>
      <object_component id="oc-1a6">
         <name>.cinit..data.load</name>
         <load_address>0x14f0</load_address>
         <run_address>0x14f0</run_address>
         <size>0x1a</size>
      </object_component>
      <object_component id="oc-1a5">
         <name>.cinit..vtable.load</name>
         <load_address>0x1510</load_address>
         <run_address>0x1510</run_address>
         <size>0x9</size>
      </object_component>
      <object_component id="oc-1a3">
         <name>__TI_handler_table</name>
         <load_address>0x151c</load_address>
         <run_address>0x151c</run_address>
         <size>0x8</size>
      </object_component>
      <object_component id="oc-1a4">
         <name>__TI_cinit_table</name>
         <load_address>0x1524</load_address>
         <run_address>0x1524</run_address>
         <size>0x10</size>
      </object_component>
      <object_component id="oc-180">
         <name>.binit</name>
         <load_address>0x0</load_address>
         <run_address>0x0</run_address>
         <size>0x0</size>
      </object_component>
      <object_component id="oc-130">
         <name>.vtable</name>
         <uninitialized>true</uninitialized>
         <run_address>0x20000000</run_address>
         <size>0xe8</size>
         <input_file_ref idref="fl-11"/>
      </object_component>
      <object_component id="oc-fb">
         <name>.data</name>
         <load_address>0x20000100</load_address>
         <run_address>0x20000100</run_address>
         <size>0x4</size>
         <input_file_ref idref="fl-4"/>
      </object_component>
      <object_component id="oc-b0">
         <name>.data:$O1$$</name>
         <load_address>0x200000e8</load_address>
         <run_address>0x200000e8</run_address>
         <size>0xc</size>
         <input_file_ref idref="fl-e1"/>
      </object_component>
      <object_component id="oc-73">
         <name>.data</name>
         <load_address>0x200000fc</load_address>
         <run_address>0x200000fc</run_address>
         <size>0x4</size>
         <input_file_ref idref="fl-e6"/>
      </object_component>
      <object_component id="oc-b3">
         <name>.data:$O1$$</name>
         <load_address>0x200000f4</load_address>
         <run_address>0x200000f4</run_address>
         <size>0x8</size>
         <input_file_ref idref="fl-e7"/>
      </object_component>
      <object_component id="oc-2f">
         <name>.stack</name>
         <uninitialized>true</uninitialized>
         <run_address>0x2000fe00</run_address>
         <size>0x0</size>
         <input_file_ref idref="fl-dd"/>
      </object_component>
      <object_component id="oc-1a7">
         <name>.stack</name>
         <uninitialized>true</uninitialized>
         <run_address>0x2000fe00</run_address>
         <size>0x0</size>
      </object_component>
      <object_component id="oc-174">
         <name>.debug_info</name>
         <load_address>0x0</load_address>
         <run_address>0x0</run_address>
         <size>0x58b</size>
         <input_file_ref idref="fl-2"/>
      </object_component>
      <object_component id="oc-a9">
         <name>.debug_info</name>
         <load_address>0x58b</load_address>
         <run_address>0x58b</run_address>
         <size>0x2a5</size>
         <input_file_ref idref="fl-2"/>
      </object_component>
      <object_component id="oc-153">
         <name>.debug_info</name>
         <load_address>0x830</load_address>
         <run_address>0x830</run_address>
         <size>0x103e</size>
         <input_file_ref idref="fl-2"/>
      </object_component>
      <object_component id="oc-179">
         <name>.debug_info</name>
         <load_address>0x186e</load_address>
         <run_address>0x186e</run_address>
         <size>0x37a3</size>
         <input_file_ref idref="fl-2"/>
      </object_component>
      <object_component id="oc-88">
         <name>.debug_info</name>
         <load_address>0x5011</load_address>
         <run_address>0x5011</run_address>
         <size>0x84</size>
         <input_file_ref idref="fl-2"/>
      </object_component>
      <object_component id="oc-ff">
         <name>.debug_info</name>
         <load_address>0x5095</load_address>
         <run_address>0x5095</run_address>
         <size>0x18b</size>
         <input_file_ref idref="fl-2"/>
      </object_component>
      <object_component id="oc-7f">
         <name>.debug_info</name>
         <load_address>0x5220</load_address>
         <run_address>0x5220</run_address>
         <size>0x115</size>
         <input_file_ref idref="fl-3"/>
      </object_component>
      <object_component id="oc-2d">
         <name>.debug_info</name>
         <load_address>0x5335</load_address>
         <run_address>0x5335</run_address>
         <size>0xed</size>
         <input_file_ref idref="fl-3"/>
      </object_component>
      <object_component id="oc-78">
         <name>.debug_info</name>
         <load_address>0x5422</load_address>
         <run_address>0x5422</run_address>
         <size>0x1b4</size>
         <input_file_ref idref="fl-3"/>
      </object_component>
      <object_component id="oc-fc">
         <name>.debug_info</name>
         <load_address>0x55d6</load_address>
         <run_address>0x55d6</run_address>
         <size>0xe6</size>
         <input_file_ref idref="fl-4"/>
      </object_component>
      <object_component id="oc-bd">
         <name>.debug_info</name>
         <load_address>0x56bc</load_address>
         <run_address>0x56bc</run_address>
         <size>0x258</size>
         <input_file_ref idref="fl-4"/>
      </object_component>
      <object_component id="oc-173">
         <name>.debug_info</name>
         <load_address>0x5914</load_address>
         <run_address>0x5914</run_address>
         <size>0x4d2</size>
         <input_file_ref idref="fl-5"/>
      </object_component>
      <object_component id="oc-14e">
         <name>.debug_info</name>
         <load_address>0x5de6</load_address>
         <run_address>0x5de6</run_address>
         <size>0x37e2</size>
         <input_file_ref idref="fl-5"/>
      </object_component>
      <object_component id="oc-146">
         <name>.debug_info</name>
         <load_address>0x95c8</load_address>
         <run_address>0x95c8</run_address>
         <size>0x8b</size>
         <input_file_ref idref="fl-5"/>
      </object_component>
      <object_component id="oc-12c">
         <name>.debug_info</name>
         <load_address>0x9653</load_address>
         <run_address>0x9653</run_address>
         <size>0x32d</size>
         <input_file_ref idref="fl-8"/>
      </object_component>
      <object_component id="oc-120">
         <name>.debug_info</name>
         <load_address>0x9980</load_address>
         <run_address>0x9980</run_address>
         <size>0x4cd</size>
         <input_file_ref idref="fl-f"/>
      </object_component>
      <object_component id="oc-11d">
         <name>.debug_info</name>
         <load_address>0x9e4d</load_address>
         <run_address>0x9e4d</run_address>
         <size>0xe3</size>
         <input_file_ref idref="fl-f"/>
      </object_component>
      <object_component id="oc-11a">
         <name>.debug_info</name>
         <load_address>0x9f30</load_address>
         <run_address>0x9f30</run_address>
         <size>0xe5</size>
         <input_file_ref idref="fl-f"/>
      </object_component>
      <object_component id="oc-da">
         <name>.debug_info</name>
         <load_address>0xa015</load_address>
         <run_address>0xa015</run_address>
         <size>0x1829</size>
         <input_file_ref idref="fl-f"/>
      </object_component>
      <object_component id="oc-14b">
         <name>.debug_info</name>
         <load_address>0xb83e</load_address>
         <run_address>0xb83e</run_address>
         <size>0x45b</size>
         <input_file_ref idref="fl-11"/>
      </object_component>
      <object_component id="oc-134">
         <name>.debug_info</name>
         <load_address>0xbc99</load_address>
         <run_address>0xbc99</run_address>
         <size>0xe2</size>
         <input_file_ref idref="fl-11"/>
      </object_component>
      <object_component id="oc-137">
         <name>.debug_info</name>
         <load_address>0xbd7b</load_address>
         <run_address>0xbd7b</run_address>
         <size>0xda</size>
         <input_file_ref idref="fl-11"/>
      </object_component>
      <object_component id="oc-13a">
         <name>.debug_info</name>
         <load_address>0xbe55</load_address>
         <run_address>0xbe55</run_address>
         <size>0xde</size>
         <input_file_ref idref="fl-11"/>
      </object_component>
      <object_component id="oc-13d">
         <name>.debug_info</name>
         <load_address>0xbf33</load_address>
         <run_address>0xbf33</run_address>
         <size>0xe0</size>
         <input_file_ref idref="fl-11"/>
      </object_component>
      <object_component id="oc-140">
         <name>.debug_info</name>
         <load_address>0xc013</load_address>
         <run_address>0xc013</run_address>
         <size>0xe2</size>
         <input_file_ref idref="fl-11"/>
      </object_component>
      <object_component id="oc-143">
         <name>.debug_info</name>
         <load_address>0xc0f5</load_address>
         <run_address>0xc0f5</run_address>
         <size>0xe6</size>
         <input_file_ref idref="fl-11"/>
      </object_component>
      <object_component id="oc-131">
         <name>.debug_info</name>
         <load_address>0xc1db</load_address>
         <run_address>0xc1db</run_address>
         <size>0xe7</size>
         <input_file_ref idref="fl-11"/>
      </object_component>
      <object_component id="oc-113">
         <name>.debug_info</name>
         <load_address>0xc2c2</load_address>
         <run_address>0xc2c2</run_address>
         <size>0xfd2</size>
         <input_file_ref idref="fl-11"/>
      </object_component>
      <object_component id="oc-129">
         <name>.debug_info</name>
         <load_address>0xd294</load_address>
         <run_address>0xd294</run_address>
         <size>0x393</size>
         <input_file_ref idref="fl-1b"/>
      </object_component>
      <object_component id="oc-10d">
         <name>.debug_info</name>
         <load_address>0xd627</load_address>
         <run_address>0xd627</run_address>
         <size>0xcff</size>
         <input_file_ref idref="fl-1b"/>
      </object_component>
      <object_component id="oc-122">
         <name>.debug_info</name>
         <load_address>0xe326</load_address>
         <run_address>0xe326</run_address>
         <size>0x423</size>
         <input_file_ref idref="fl-1d"/>
      </object_component>
      <object_component id="oc-e1">
         <name>.debug_info</name>
         <load_address>0xe749</load_address>
         <run_address>0xe749</run_address>
         <size>0x5a3</size>
         <input_file_ref idref="fl-1d"/>
      </object_component>
      <object_component id="oc-118">
         <name>.debug_info</name>
         <load_address>0xecec</load_address>
         <run_address>0xecec</run_address>
         <size>0x55b</size>
         <input_file_ref idref="fl-21"/>
      </object_component>
      <object_component id="oc-d4">
         <name>.debug_info</name>
         <load_address>0xf247</load_address>
         <run_address>0xf247</run_address>
         <size>0x7d3</size>
         <input_file_ref idref="fl-21"/>
      </object_component>
      <object_component id="oc-27">
         <name>.debug_info</name>
         <load_address>0xfa1a</load_address>
         <run_address>0xfa1a</run_address>
         <size>0x161</size>
         <input_file_ref idref="fl-dd"/>
      </object_component>
      <object_component id="oc-3b">
         <name>.debug_info</name>
         <load_address>0xfb7b</load_address>
         <run_address>0xfb7b</run_address>
         <size>0x141</size>
         <input_file_ref idref="fl-de"/>
      </object_component>
      <object_component id="oc-15">
         <name>.debug_info</name>
         <load_address>0xfcbc</load_address>
         <run_address>0xfcbc</run_address>
         <size>0x1e0</size>
         <input_file_ref idref="fl-de"/>
      </object_component>
      <object_component id="oc-36">
         <name>.debug_info</name>
         <load_address>0xfe9c</load_address>
         <run_address>0xfe9c</run_address>
         <size>0x46</size>
         <input_file_ref idref="fl-de"/>
      </object_component>
      <object_component id="oc-81">
         <name>.debug_info</name>
         <load_address>0xfee2</load_address>
         <run_address>0xfee2</run_address>
         <size>0x2c</size>
         <input_file_ref idref="fl-de"/>
      </object_component>
      <object_component id="oc-43">
         <name>.debug_info</name>
         <load_address>0xff0e</load_address>
         <run_address>0xff0e</run_address>
         <size>0x135</size>
         <input_file_ref idref="fl-df"/>
      </object_component>
      <object_component id="oc-3f">
         <name>.debug_info</name>
         <load_address>0x10043</load_address>
         <run_address>0x10043</run_address>
         <size>0x248</size>
         <input_file_ref idref="fl-df"/>
      </object_component>
      <object_component id="oc-1b">
         <name>.debug_info</name>
         <load_address>0x1028b</load_address>
         <run_address>0x1028b</run_address>
         <size>0x1b2</size>
         <input_file_ref idref="fl-df"/>
      </object_component>
      <object_component id="oc-44">
         <name>.debug_info</name>
         <load_address>0x1043d</load_address>
         <run_address>0x1043d</run_address>
         <size>0x39</size>
         <input_file_ref idref="fl-df"/>
      </object_component>
      <object_component id="oc-90">
         <name>.debug_info</name>
         <load_address>0x10476</load_address>
         <run_address>0x10476</run_address>
         <size>0x2c</size>
         <input_file_ref idref="fl-df"/>
      </object_component>
      <object_component id="oc-b7">
         <name>.debug_info</name>
         <load_address>0x104a2</load_address>
         <run_address>0x104a2</run_address>
         <size>0x235</size>
         <input_file_ref idref="fl-e1"/>
      </object_component>
      <object_component id="oc-b1">
         <name>.debug_info</name>
         <load_address>0x106d7</load_address>
         <run_address>0x106d7</run_address>
         <size>0x186</size>
         <input_file_ref idref="fl-e1"/>
      </object_component>
      <object_component id="oc-6e">
         <name>.debug_info</name>
         <load_address>0x1085d</load_address>
         <run_address>0x1085d</run_address>
         <size>0x215</size>
         <input_file_ref idref="fl-e1"/>
      </object_component>
      <object_component id="oc-31">
         <name>.debug_info</name>
         <load_address>0x10a72</load_address>
         <run_address>0x10a72</run_address>
         <size>0x112</size>
         <input_file_ref idref="fl-e2"/>
      </object_component>
      <object_component id="oc-4b">
         <name>.debug_info</name>
         <load_address>0x10b84</load_address>
         <run_address>0x10b84</run_address>
         <size>0x140</size>
         <input_file_ref idref="fl-e3"/>
      </object_component>
      <object_component id="oc-57">
         <name>.debug_info</name>
         <load_address>0x10cc4</load_address>
         <run_address>0x10cc4</run_address>
         <size>0x139</size>
         <input_file_ref idref="fl-e4"/>
      </object_component>
      <object_component id="oc-5c">
         <name>.debug_info</name>
         <load_address>0x10dfd</load_address>
         <run_address>0x10dfd</run_address>
         <size>0x149</size>
         <input_file_ref idref="fl-e5"/>
      </object_component>
      <object_component id="oc-74">
         <name>.debug_info</name>
         <load_address>0x10f46</load_address>
         <run_address>0x10f46</run_address>
         <size>0x10a</size>
         <input_file_ref idref="fl-e6"/>
      </object_component>
      <object_component id="oc-f7">
         <name>.debug_info</name>
         <load_address>0x11050</load_address>
         <run_address>0x11050</run_address>
         <size>0x125</size>
         <input_file_ref idref="fl-e7"/>
      </object_component>
      <object_component id="oc-b4">
         <name>.debug_info</name>
         <load_address>0x11175</load_address>
         <run_address>0x11175</run_address>
         <size>0x114</size>
         <input_file_ref idref="fl-e7"/>
      </object_component>
      <object_component id="oc-f3">
         <name>.debug_info</name>
         <load_address>0x11289</load_address>
         <run_address>0x11289</run_address>
         <size>0x220</size>
         <input_file_ref idref="fl-e7"/>
      </object_component>
      <object_component id="oc-af">
         <name>.debug_info</name>
         <load_address>0x114a9</load_address>
         <run_address>0x114a9</run_address>
         <size>0x167</size>
         <input_file_ref idref="fl-e8"/>
      </object_component>
      <object_component id="oc-68">
         <name>.debug_info</name>
         <load_address>0x11610</load_address>
         <run_address>0x11610</run_address>
         <size>0x168</size>
         <input_file_ref idref="fl-e8"/>
      </object_component>
      <object_component id="oc-e8">
         <name>.debug_info</name>
         <load_address>0x11778</load_address>
         <run_address>0x11778</run_address>
         <size>0x5e</size>
         <input_file_ref idref="fl-e8"/>
      </object_component>
      <object_component id="oc-a7">
         <name>.debug_info</name>
         <load_address>0x117d6</load_address>
         <run_address>0x117d6</run_address>
         <size>0x2ea</size>
         <input_file_ref idref="fl-e9"/>
      </object_component>
      <object_component id="oc-64">
         <name>.debug_info</name>
         <load_address>0x11ac0</load_address>
         <run_address>0x11ac0</run_address>
         <size>0x191</size>
         <input_file_ref idref="fl-e9"/>
      </object_component>
      <object_component id="oc-c9">
         <name>.debug_info</name>
         <load_address>0x11c51</load_address>
         <run_address>0x11c51</run_address>
         <size>0x39</size>
         <input_file_ref idref="fl-e9"/>
      </object_component>
      <object_component id="oc-ce">
         <name>.debug_info</name>
         <load_address>0x11c8a</load_address>
         <run_address>0x11c8a</run_address>
         <size>0xcd</size>
         <input_file_ref idref="fl-e9"/>
      </object_component>
      <object_component id="oc-c5">
         <name>.debug_info</name>
         <load_address>0x11d57</load_address>
         <run_address>0x11d57</run_address>
         <size>0x1e1</size>
         <input_file_ref idref="fl-ea"/>
      </object_component>
      <object_component id="oc-9c">
         <name>.debug_info</name>
         <load_address>0x11f38</load_address>
         <run_address>0x11f38</run_address>
         <size>0x184</size>
         <input_file_ref idref="fl-ea"/>
      </object_component>
      <object_component id="oc-106">
         <name>.debug_info</name>
         <load_address>0x120bc</load_address>
         <run_address>0x120bc</run_address>
         <size>0x2c</size>
         <input_file_ref idref="fl-ea"/>
      </object_component>
      <object_component id="oc-a4">
         <name>.debug_info</name>
         <load_address>0x120e8</load_address>
         <run_address>0x120e8</run_address>
         <size>0x146</size>
         <input_file_ref idref="fl-eb"/>
      </object_component>
      <object_component id="oc-1a8">
         <name>.debug_info</name>
         <load_address>0x1222e</load_address>
         <run_address>0x1222e</run_address>
         <size>0x98</size>
      </object_component>
      <object_component id="oc-178">
         <name>.debug_line</name>
         <load_address>0x0</load_address>
         <run_address>0x0</run_address>
         <size>0xc9</size>
         <input_file_ref idref="fl-2"/>
      </object_component>
      <object_component id="oc-ac">
         <name>.debug_line</name>
         <load_address>0xc9</load_address>
         <run_address>0xc9</run_address>
         <size>0x64</size>
         <input_file_ref idref="fl-2"/>
      </object_component>
      <object_component id="oc-156">
         <name>.debug_line</name>
         <load_address>0x12d</load_address>
         <run_address>0x12d</run_address>
         <size>0x6d</size>
         <input_file_ref idref="fl-2"/>
      </object_component>
      <object_component id="oc-17c">
         <name>.debug_line</name>
         <load_address>0x19a</load_address>
         <run_address>0x19a</run_address>
         <size>0x6a</size>
         <input_file_ref idref="fl-2"/>
      </object_component>
      <object_component id="oc-8b">
         <name>.debug_line</name>
         <load_address>0x204</load_address>
         <run_address>0x204</run_address>
         <size>0x20</size>
         <input_file_ref idref="fl-2"/>
      </object_component>
      <object_component id="oc-102">
         <name>.debug_line</name>
         <load_address>0x224</load_address>
         <run_address>0x224</run_address>
         <size>0x77</size>
         <input_file_ref idref="fl-2"/>
      </object_component>
      <object_component id="oc-c3">
         <name>.debug_line</name>
         <load_address>0x29b</load_address>
         <run_address>0x29b</run_address>
         <size>0x40</size>
         <input_file_ref idref="fl-3"/>
      </object_component>
      <object_component id="oc-7e">
         <name>.debug_line</name>
         <load_address>0x2db</load_address>
         <run_address>0x2db</run_address>
         <size>0x40</size>
         <input_file_ref idref="fl-3"/>
      </object_component>
      <object_component id="oc-7b">
         <name>.debug_line</name>
         <load_address>0x31b</load_address>
         <run_address>0x31b</run_address>
         <size>0x71</size>
         <input_file_ref idref="fl-3"/>
      </object_component>
      <object_component id="oc-127">
         <name>.debug_line</name>
         <load_address>0x38c</load_address>
         <run_address>0x38c</run_address>
         <size>0x3b</size>
         <input_file_ref idref="fl-4"/>
      </object_component>
      <object_component id="oc-bc">
         <name>.debug_line</name>
         <load_address>0x3c7</load_address>
         <run_address>0x3c7</run_address>
         <size>0x146</size>
         <input_file_ref idref="fl-4"/>
      </object_component>
      <object_component id="oc-176">
         <name>.debug_line</name>
         <load_address>0x50d</load_address>
         <run_address>0x50d</run_address>
         <size>0x60</size>
         <input_file_ref idref="fl-5"/>
      </object_component>
      <object_component id="oc-151">
         <name>.debug_line</name>
         <load_address>0x56d</load_address>
         <run_address>0x56d</run_address>
         <size>0x5c</size>
         <input_file_ref idref="fl-5"/>
      </object_component>
      <object_component id="oc-149">
         <name>.debug_line</name>
         <load_address>0x5c9</load_address>
         <run_address>0x5c9</run_address>
         <size>0x20</size>
         <input_file_ref idref="fl-5"/>
      </object_component>
      <object_component id="oc-12b">
         <name>.debug_line</name>
         <load_address>0x5e9</load_address>
         <run_address>0x5e9</run_address>
         <size>0xd9</size>
         <input_file_ref idref="fl-8"/>
      </object_component>
      <object_component id="oc-15d">
         <name>.debug_line</name>
         <load_address>0x6c2</load_address>
         <run_address>0x6c2</run_address>
         <size>0x60</size>
         <input_file_ref idref="fl-f"/>
      </object_component>
      <object_component id="oc-15b">
         <name>.debug_line</name>
         <load_address>0x722</load_address>
         <run_address>0x722</run_address>
         <size>0x37</size>
         <input_file_ref idref="fl-f"/>
      </object_component>
      <object_component id="oc-159">
         <name>.debug_line</name>
         <load_address>0x759</load_address>
         <run_address>0x759</run_address>
         <size>0x37</size>
         <input_file_ref idref="fl-f"/>
      </object_component>
      <object_component id="oc-dd">
         <name>.debug_line</name>
         <load_address>0x790</load_address>
         <run_address>0x790</run_address>
         <size>0x2c6</size>
         <input_file_ref idref="fl-f"/>
      </object_component>
      <object_component id="oc-172">
         <name>.debug_line</name>
         <load_address>0xa56</load_address>
         <run_address>0xa56</run_address>
         <size>0x5a</size>
         <input_file_ref idref="fl-11"/>
      </object_component>
      <object_component id="oc-166">
         <name>.debug_line</name>
         <load_address>0xab0</load_address>
         <run_address>0xab0</run_address>
         <size>0x3c</size>
         <input_file_ref idref="fl-11"/>
      </object_component>
      <object_component id="oc-168">
         <name>.debug_line</name>
         <load_address>0xaec</load_address>
         <run_address>0xaec</run_address>
         <size>0x3c</size>
         <input_file_ref idref="fl-11"/>
      </object_component>
      <object_component id="oc-16a">
         <name>.debug_line</name>
         <load_address>0xb28</load_address>
         <run_address>0xb28</run_address>
         <size>0x3c</size>
         <input_file_ref idref="fl-11"/>
      </object_component>
      <object_component id="oc-16c">
         <name>.debug_line</name>
         <load_address>0xb64</load_address>
         <run_address>0xb64</run_address>
         <size>0x3c</size>
         <input_file_ref idref="fl-11"/>
      </object_component>
      <object_component id="oc-16e">
         <name>.debug_line</name>
         <load_address>0xba0</load_address>
         <run_address>0xba0</run_address>
         <size>0x3c</size>
         <input_file_ref idref="fl-11"/>
      </object_component>
      <object_component id="oc-170">
         <name>.debug_line</name>
         <load_address>0xbdc</load_address>
         <run_address>0xbdc</run_address>
         <size>0x3c</size>
         <input_file_ref idref="fl-11"/>
      </object_component>
      <object_component id="oc-164">
         <name>.debug_line</name>
         <load_address>0xc18</load_address>
         <run_address>0xc18</run_address>
         <size>0x3c</size>
         <input_file_ref idref="fl-11"/>
      </object_component>
      <object_component id="oc-116">
         <name>.debug_line</name>
         <load_address>0xc54</load_address>
         <run_address>0xc54</run_address>
         <size>0x33e</size>
         <input_file_ref idref="fl-11"/>
      </object_component>
      <object_component id="oc-161">
         <name>.debug_line</name>
         <load_address>0xf92</load_address>
         <run_address>0xf92</run_address>
         <size>0x20</size>
         <input_file_ref idref="fl-1b"/>
      </object_component>
      <object_component id="oc-110">
         <name>.debug_line</name>
         <load_address>0xfb2</load_address>
         <run_address>0xfb2</run_address>
         <size>0x27d</size>
         <input_file_ref idref="fl-1b"/>
      </object_component>
      <object_component id="oc-15f">
         <name>.debug_line</name>
         <load_address>0x122f</load_address>
         <run_address>0x122f</run_address>
         <size>0x60</size>
         <input_file_ref idref="fl-1d"/>
      </object_component>
      <object_component id="oc-e0">
         <name>.debug_line</name>
         <load_address>0x128f</load_address>
         <run_address>0x128f</run_address>
         <size>0x124</size>
         <input_file_ref idref="fl-1d"/>
      </object_component>
      <object_component id="oc-14d">
         <name>.debug_line</name>
         <load_address>0x13b3</load_address>
         <run_address>0x13b3</run_address>
         <size>0x9d</size>
         <input_file_ref idref="fl-21"/>
      </object_component>
      <object_component id="oc-d7">
         <name>.debug_line</name>
         <load_address>0x1450</load_address>
         <run_address>0x1450</run_address>
         <size>0x130</size>
         <input_file_ref idref="fl-21"/>
      </object_component>
      <object_component id="oc-2a">
         <name>.debug_line</name>
         <load_address>0x1580</load_address>
         <run_address>0x1580</run_address>
         <size>0x53</size>
         <input_file_ref idref="fl-dd"/>
      </object_component>
      <object_component id="oc-87">
         <name>.debug_line</name>
         <load_address>0x15d3</load_address>
         <run_address>0x15d3</run_address>
         <size>0x8a</size>
         <input_file_ref idref="fl-de"/>
      </object_component>
      <object_component id="oc-19">
         <name>.debug_line</name>
         <load_address>0x165d</load_address>
         <run_address>0x165d</run_address>
         <size>0x55</size>
         <input_file_ref idref="fl-de"/>
      </object_component>
      <object_component id="oc-39">
         <name>.debug_line</name>
         <load_address>0x16b2</load_address>
         <run_address>0x16b2</run_address>
         <size>0x3a</size>
         <input_file_ref idref="fl-de"/>
      </object_component>
      <object_component id="oc-84">
         <name>.debug_line</name>
         <load_address>0x16ec</load_address>
         <run_address>0x16ec</run_address>
         <size>0x8a</size>
         <input_file_ref idref="fl-de"/>
      </object_component>
      <object_component id="oc-8f">
         <name>.debug_line</name>
         <load_address>0x1776</load_address>
         <run_address>0x1776</run_address>
         <size>0x8a</size>
         <input_file_ref idref="fl-df"/>
      </object_component>
      <object_component id="oc-3d">
         <name>.debug_line</name>
         <load_address>0x1800</load_address>
         <run_address>0x1800</run_address>
         <size>0x98</size>
         <input_file_ref idref="fl-df"/>
      </object_component>
      <object_component id="oc-1f">
         <name>.debug_line</name>
         <load_address>0x1898</load_address>
         <run_address>0x1898</run_address>
         <size>0x4b</size>
         <input_file_ref idref="fl-df"/>
      </object_component>
      <object_component id="oc-47">
         <name>.debug_line</name>
         <load_address>0x18e3</load_address>
         <run_address>0x18e3</run_address>
         <size>0x39</size>
         <input_file_ref idref="fl-df"/>
      </object_component>
      <object_component id="oc-93">
         <name>.debug_line</name>
         <load_address>0x191c</load_address>
         <run_address>0x191c</run_address>
         <size>0x8a</size>
         <input_file_ref idref="fl-df"/>
      </object_component>
      <object_component id="oc-fa">
         <name>.debug_line</name>
         <load_address>0x19a6</load_address>
         <run_address>0x19a6</run_address>
         <size>0xf2</size>
         <input_file_ref idref="fl-e1"/>
      </object_component>
      <object_component id="oc-ee">
         <name>.debug_line</name>
         <load_address>0x1a98</load_address>
         <run_address>0x1a98</run_address>
         <size>0x2a</size>
         <input_file_ref idref="fl-e1"/>
      </object_component>
      <object_component id="oc-71">
         <name>.debug_line</name>
         <load_address>0x1ac2</load_address>
         <run_address>0x1ac2</run_address>
         <size>0x86</size>
         <input_file_ref idref="fl-e1"/>
      </object_component>
      <object_component id="oc-34">
         <name>.debug_line</name>
         <load_address>0x1b48</load_address>
         <run_address>0x1b48</run_address>
         <size>0x88</size>
         <input_file_ref idref="fl-e2"/>
      </object_component>
      <object_component id="oc-4d">
         <name>.debug_line</name>
         <load_address>0x1bd0</load_address>
         <run_address>0x1bd0</run_address>
         <size>0x79</size>
         <input_file_ref idref="fl-e3"/>
      </object_component>
      <object_component id="oc-59">
         <name>.debug_line</name>
         <load_address>0x1c49</load_address>
         <run_address>0x1c49</run_address>
         <size>0x3d</size>
         <input_file_ref idref="fl-e4"/>
      </object_component>
      <object_component id="oc-5f">
         <name>.debug_line</name>
         <load_address>0x1c86</load_address>
         <run_address>0x1c86</run_address>
         <size>0x40</size>
         <input_file_ref idref="fl-e5"/>
      </object_component>
      <object_component id="oc-ba">
         <name>.debug_line</name>
         <load_address>0x1cc6</load_address>
         <run_address>0x1cc6</run_address>
         <size>0x33</size>
         <input_file_ref idref="fl-e6"/>
      </object_component>
      <object_component id="oc-125">
         <name>.debug_line</name>
         <load_address>0x1cf9</load_address>
         <run_address>0x1cf9</run_address>
         <size>0x20</size>
         <input_file_ref idref="fl-e7"/>
      </object_component>
      <object_component id="oc-f6">
         <name>.debug_line</name>
         <load_address>0x1d19</load_address>
         <run_address>0x1d19</run_address>
         <size>0x2b</size>
         <input_file_ref idref="fl-e7"/>
      </object_component>
      <object_component id="oc-f1">
         <name>.debug_line</name>
         <load_address>0x1d44</load_address>
         <run_address>0x1d44</run_address>
         <size>0x68</size>
         <input_file_ref idref="fl-e7"/>
      </object_component>
      <object_component id="oc-e7">
         <name>.debug_line</name>
         <load_address>0x1dac</load_address>
         <run_address>0x1dac</run_address>
         <size>0x2b</size>
         <input_file_ref idref="fl-e8"/>
      </object_component>
      <object_component id="oc-6c">
         <name>.debug_line</name>
         <load_address>0x1dd7</load_address>
         <run_address>0x1dd7</run_address>
         <size>0x50</size>
         <input_file_ref idref="fl-e8"/>
      </object_component>
      <object_component id="oc-eb">
         <name>.debug_line</name>
         <load_address>0x1e27</load_address>
         <run_address>0x1e27</run_address>
         <size>0x2b</size>
         <input_file_ref idref="fl-e8"/>
      </object_component>
      <object_component id="oc-c8">
         <name>.debug_line</name>
         <load_address>0x1e52</load_address>
         <run_address>0x1e52</run_address>
         <size>0xa9</size>
         <input_file_ref idref="fl-e9"/>
      </object_component>
      <object_component id="oc-63">
         <name>.debug_line</name>
         <load_address>0x1efb</load_address>
         <run_address>0x1efb</run_address>
         <size>0x8b</size>
         <input_file_ref idref="fl-e9"/>
      </object_component>
      <object_component id="oc-cc">
         <name>.debug_line</name>
         <load_address>0x1f86</load_address>
         <run_address>0x1f86</run_address>
         <size>0x2e</size>
         <input_file_ref idref="fl-e9"/>
      </object_component>
      <object_component id="oc-d1">
         <name>.debug_line</name>
         <load_address>0x1fb4</load_address>
         <run_address>0x1fb4</run_address>
         <size>0x8b</size>
         <input_file_ref idref="fl-e9"/>
      </object_component>
      <object_component id="oc-105">
         <name>.debug_line</name>
         <load_address>0x203f</load_address>
         <run_address>0x203f</run_address>
         <size>0x98</size>
         <input_file_ref idref="fl-ea"/>
      </object_component>
      <object_component id="oc-9f">
         <name>.debug_line</name>
         <load_address>0x20d7</load_address>
         <run_address>0x20d7</run_address>
         <size>0x68</size>
         <input_file_ref idref="fl-ea"/>
      </object_component>
      <object_component id="oc-109">
         <name>.debug_line</name>
         <load_address>0x213f</load_address>
         <run_address>0x213f</run_address>
         <size>0x2e</size>
         <input_file_ref idref="fl-ea"/>
      </object_component>
      <object_component id="oc-a3">
         <name>.debug_line</name>
         <load_address>0x216d</load_address>
         <run_address>0x216d</run_address>
         <size>0x3c</size>
         <input_file_ref idref="fl-eb"/>
      </object_component>
      <object_component id="oc-ad">
         <name>.debug_frame</name>
         <load_address>0x0</load_address>
         <run_address>0x0</run_address>
         <size>0x86</size>
         <input_file_ref idref="fl-2"/>
      </object_component>
      <object_component id="oc-7c">
         <name>.debug_frame</name>
         <load_address>0x86</load_address>
         <run_address>0x86</run_address>
         <size>0x97</size>
         <input_file_ref idref="fl-3"/>
      </object_component>
      <object_component id="oc-c0">
         <name>.debug_frame</name>
         <load_address>0x11d</load_address>
         <run_address>0x11d</run_address>
         <size>0x98</size>
         <input_file_ref idref="fl-4"/>
      </object_component>
      <object_component id="oc-12f">
         <name>.debug_frame</name>
         <load_address>0x1b5</load_address>
         <run_address>0x1b5</run_address>
         <size>0xda</size>
         <input_file_ref idref="fl-8"/>
      </object_component>
      <object_component id="oc-de">
         <name>.debug_frame</name>
         <load_address>0x28f</load_address>
         <run_address>0x28f</run_address>
         <size>0x249</size>
         <input_file_ref idref="fl-f"/>
      </object_component>
      <object_component id="oc-112">
         <name>.debug_frame</name>
         <load_address>0x4d8</load_address>
         <run_address>0x4d8</run_address>
         <size>0x226</size>
         <input_file_ref idref="fl-11"/>
      </object_component>
      <object_component id="oc-10c">
         <name>.debug_frame</name>
         <load_address>0x6fe</load_address>
         <run_address>0x6fe</run_address>
         <size>0x1e8</size>
         <input_file_ref idref="fl-1b"/>
      </object_component>
      <object_component id="oc-e4">
         <name>.debug_frame</name>
         <load_address>0x8e6</load_address>
         <run_address>0x8e6</run_address>
         <size>0x11b</size>
         <input_file_ref idref="fl-1d"/>
      </object_component>
      <object_component id="oc-d8">
         <name>.debug_frame</name>
         <load_address>0xa01</load_address>
         <run_address>0xa01</run_address>
         <size>0x141</size>
         <input_file_ref idref="fl-21"/>
      </object_component>
      <object_component id="oc-18">
         <name>.debug_frame</name>
         <load_address>0xb42</load_address>
         <run_address>0xb42</run_address>
         <size>0x7f</size>
         <input_file_ref idref="fl-de"/>
      </object_component>
      <object_component id="oc-3e">
         <name>.debug_frame</name>
         <load_address>0xbc1</load_address>
         <run_address>0xbc1</run_address>
         <size>0x8e</size>
         <input_file_ref idref="fl-df"/>
      </object_component>
      <object_component id="oc-1e">
         <name>.debug_frame</name>
         <load_address>0xc4f</load_address>
         <run_address>0xc4f</run_address>
         <size>0x7f</size>
         <input_file_ref idref="fl-df"/>
      </object_component>
      <object_component id="oc-72">
         <name>.debug_frame</name>
         <load_address>0xcce</load_address>
         <run_address>0xcce</run_address>
         <size>0xb3</size>
         <input_file_ref idref="fl-e1"/>
      </object_component>
      <object_component id="oc-5a">
         <name>.debug_frame</name>
         <load_address>0xd81</load_address>
         <run_address>0xd81</run_address>
         <size>0x7f</size>
         <input_file_ref idref="fl-e4"/>
      </object_component>
      <object_component id="oc-60">
         <name>.debug_frame</name>
         <load_address>0xe00</load_address>
         <run_address>0xe00</run_address>
         <size>0x7f</size>
         <input_file_ref idref="fl-e5"/>
      </object_component>
      <object_component id="oc-f2">
         <name>.debug_frame</name>
         <load_address>0xe7f</load_address>
         <run_address>0xe7f</run_address>
         <size>0xa1</size>
         <input_file_ref idref="fl-e7"/>
      </object_component>
      <object_component id="oc-6b">
         <name>.debug_frame</name>
         <load_address>0xf20</load_address>
         <run_address>0xf20</run_address>
         <size>0x7f</size>
         <input_file_ref idref="fl-e8"/>
      </object_component>
      <object_component id="oc-62">
         <name>.debug_frame</name>
         <load_address>0xf9f</load_address>
         <run_address>0xf9f</run_address>
         <size>0x8a</size>
         <input_file_ref idref="fl-e9"/>
      </object_component>
      <object_component id="oc-9e">
         <name>.debug_frame</name>
         <load_address>0x1029</load_address>
         <run_address>0x1029</run_address>
         <size>0x8e</size>
         <input_file_ref idref="fl-ea"/>
      </object_component>
      <object_component id="oc-a1">
         <name>.debug_frame</name>
         <load_address>0x10b7</load_address>
         <run_address>0x10b7</run_address>
         <size>0x7f</size>
         <input_file_ref idref="fl-eb"/>
      </object_component>
      <object_component id="oc-177">
         <name>.debug_abbrev</name>
         <load_address>0x0</load_address>
         <run_address>0x0</run_address>
         <size>0xdb</size>
         <input_file_ref idref="fl-2"/>
      </object_component>
      <object_component id="oc-e5">
         <name>.debug_abbrev</name>
         <load_address>0xdb</load_address>
         <run_address>0xdb</run_address>
         <size>0x52</size>
         <input_file_ref idref="fl-2"/>
      </object_component>
      <object_component id="oc-155">
         <name>.debug_abbrev</name>
         <load_address>0x12d</load_address>
         <run_address>0x12d</run_address>
         <size>0x97</size>
         <input_file_ref idref="fl-2"/>
      </object_component>
      <object_component id="oc-17b">
         <name>.debug_abbrev</name>
         <load_address>0x1c4</load_address>
         <run_address>0x1c4</run_address>
         <size>0xbd</size>
         <input_file_ref idref="fl-2"/>
      </object_component>
      <object_component id="oc-8a">
         <name>.debug_abbrev</name>
         <load_address>0x281</load_address>
         <run_address>0x281</run_address>
         <size>0x1f</size>
         <input_file_ref idref="fl-2"/>
      </object_component>
      <object_component id="oc-101">
         <name>.debug_abbrev</name>
         <load_address>0x2a0</load_address>
         <run_address>0x2a0</run_address>
         <size>0x35</size>
         <input_file_ref idref="fl-2"/>
      </object_component>
      <object_component id="oc-c2">
         <name>.debug_abbrev</name>
         <load_address>0x2d5</load_address>
         <run_address>0x2d5</run_address>
         <size>0x68</size>
         <input_file_ref idref="fl-3"/>
      </object_component>
      <object_component id="oc-7d">
         <name>.debug_abbrev</name>
         <load_address>0x33d</load_address>
         <run_address>0x33d</run_address>
         <size>0x29</size>
         <input_file_ref idref="fl-3"/>
      </object_component>
      <object_component id="oc-c1">
         <name>.debug_abbrev</name>
         <load_address>0x366</load_address>
         <run_address>0x366</run_address>
         <size>0x89</size>
         <input_file_ref idref="fl-3"/>
      </object_component>
      <object_component id="oc-126">
         <name>.debug_abbrev</name>
         <load_address>0x3ef</load_address>
         <run_address>0x3ef</run_address>
         <size>0x29</size>
         <input_file_ref idref="fl-4"/>
      </object_component>
      <object_component id="oc-fe">
         <name>.debug_abbrev</name>
         <load_address>0x418</load_address>
         <run_address>0x418</run_address>
         <size>0x8b</size>
         <input_file_ref idref="fl-4"/>
      </object_component>
      <object_component id="oc-175">
         <name>.debug_abbrev</name>
         <load_address>0x4a3</load_address>
         <run_address>0x4a3</run_address>
         <size>0xb7</size>
         <input_file_ref idref="fl-5"/>
      </object_component>
      <object_component id="oc-150">
         <name>.debug_abbrev</name>
         <load_address>0x55a</load_address>
         <run_address>0x55a</run_address>
         <size>0xbd</size>
         <input_file_ref idref="fl-5"/>
      </object_component>
      <object_component id="oc-148">
         <name>.debug_abbrev</name>
         <load_address>0x617</load_address>
         <run_address>0x617</run_address>
         <size>0x1f</size>
         <input_file_ref idref="fl-5"/>
      </object_component>
      <object_component id="oc-162">
         <name>.debug_abbrev</name>
         <load_address>0x636</load_address>
         <run_address>0x636</run_address>
         <size>0xf9</size>
         <input_file_ref idref="fl-8"/>
      </object_component>
      <object_component id="oc-15c">
         <name>.debug_abbrev</name>
         <load_address>0x72f</load_address>
         <run_address>0x72f</run_address>
         <size>0xa7</size>
         <input_file_ref idref="fl-f"/>
      </object_component>
      <object_component id="oc-15a">
         <name>.debug_abbrev</name>
         <load_address>0x7d6</load_address>
         <run_address>0x7d6</run_address>
         <size>0x27</size>
         <input_file_ref idref="fl-f"/>
      </object_component>
      <object_component id="oc-158">
         <name>.debug_abbrev</name>
         <load_address>0x7fd</load_address>
         <run_address>0x7fd</run_address>
         <size>0x27</size>
         <input_file_ref idref="fl-f"/>
      </object_component>
      <object_component id="oc-11f">
         <name>.debug_abbrev</name>
         <load_address>0x824</load_address>
         <run_address>0x824</run_address>
         <size>0x132</size>
         <input_file_ref idref="fl-f"/>
      </object_component>
      <object_component id="oc-171">
         <name>.debug_abbrev</name>
         <load_address>0x956</load_address>
         <run_address>0x956</run_address>
         <size>0xa0</size>
         <input_file_ref idref="fl-11"/>
      </object_component>
      <object_component id="oc-165">
         <name>.debug_abbrev</name>
         <load_address>0x9f6</load_address>
         <run_address>0x9f6</run_address>
         <size>0x27</size>
         <input_file_ref idref="fl-11"/>
      </object_component>
      <object_component id="oc-167">
         <name>.debug_abbrev</name>
         <load_address>0xa1d</load_address>
         <run_address>0xa1d</run_address>
         <size>0x27</size>
         <input_file_ref idref="fl-11"/>
      </object_component>
      <object_component id="oc-169">
         <name>.debug_abbrev</name>
         <load_address>0xa44</load_address>
         <run_address>0xa44</run_address>
         <size>0x27</size>
         <input_file_ref idref="fl-11"/>
      </object_component>
      <object_component id="oc-16b">
         <name>.debug_abbrev</name>
         <load_address>0xa6b</load_address>
         <run_address>0xa6b</run_address>
         <size>0x27</size>
         <input_file_ref idref="fl-11"/>
      </object_component>
      <object_component id="oc-16d">
         <name>.debug_abbrev</name>
         <load_address>0xa92</load_address>
         <run_address>0xa92</run_address>
         <size>0x27</size>
         <input_file_ref idref="fl-11"/>
      </object_component>
      <object_component id="oc-16f">
         <name>.debug_abbrev</name>
         <load_address>0xab9</load_address>
         <run_address>0xab9</run_address>
         <size>0x27</size>
         <input_file_ref idref="fl-11"/>
      </object_component>
      <object_component id="oc-163">
         <name>.debug_abbrev</name>
         <load_address>0xae0</load_address>
         <run_address>0xae0</run_address>
         <size>0x29</size>
         <input_file_ref idref="fl-11"/>
      </object_component>
      <object_component id="oc-145">
         <name>.debug_abbrev</name>
         <load_address>0xb09</load_address>
         <run_address>0xb09</run_address>
         <size>0x15d</size>
         <input_file_ref idref="fl-11"/>
      </object_component>
      <object_component id="oc-160">
         <name>.debug_abbrev</name>
         <load_address>0xc66</load_address>
         <run_address>0xc66</run_address>
         <size>0x6f</size>
         <input_file_ref idref="fl-1b"/>
      </object_component>
      <object_component id="oc-128">
         <name>.debug_abbrev</name>
         <load_address>0xcd5</load_address>
         <run_address>0xcd5</run_address>
         <size>0xf7</size>
         <input_file_ref idref="fl-1b"/>
      </object_component>
      <object_component id="oc-15e">
         <name>.debug_abbrev</name>
         <load_address>0xdcc</load_address>
         <run_address>0xdcc</run_address>
         <size>0x91</size>
         <input_file_ref idref="fl-1d"/>
      </object_component>
      <object_component id="oc-121">
         <name>.debug_abbrev</name>
         <load_address>0xe5d</load_address>
         <run_address>0xe5d</run_address>
         <size>0xa9</size>
         <input_file_ref idref="fl-1d"/>
      </object_component>
      <object_component id="oc-14c">
         <name>.debug_abbrev</name>
         <load_address>0xf06</load_address>
         <run_address>0xf06</run_address>
         <size>0xa7</size>
         <input_file_ref idref="fl-21"/>
      </object_component>
      <object_component id="oc-117">
         <name>.debug_abbrev</name>
         <load_address>0xfad</load_address>
         <run_address>0xfad</run_address>
         <size>0x7a</size>
         <input_file_ref idref="fl-21"/>
      </object_component>
      <object_component id="oc-76">
         <name>.debug_abbrev</name>
         <load_address>0x1027</load_address>
         <run_address>0x1027</run_address>
         <size>0x3e</size>
         <input_file_ref idref="fl-dd"/>
      </object_component>
      <object_component id="oc-86">
         <name>.debug_abbrev</name>
         <load_address>0x1065</load_address>
         <run_address>0x1065</run_address>
         <size>0x52</size>
         <input_file_ref idref="fl-de"/>
      </object_component>
      <object_component id="oc-35">
         <name>.debug_abbrev</name>
         <load_address>0x10b7</load_address>
         <run_address>0x10b7</run_address>
         <size>0x74</size>
         <input_file_ref idref="fl-de"/>
      </object_component>
      <object_component id="oc-38">
         <name>.debug_abbrev</name>
         <load_address>0x112b</load_address>
         <run_address>0x112b</run_address>
         <size>0x24</size>
         <input_file_ref idref="fl-de"/>
      </object_component>
      <object_component id="oc-83">
         <name>.debug_abbrev</name>
         <load_address>0x114f</load_address>
         <run_address>0x114f</run_address>
         <size>0x24</size>
         <input_file_ref idref="fl-de"/>
      </object_component>
      <object_component id="oc-8e">
         <name>.debug_abbrev</name>
         <load_address>0x1173</load_address>
         <run_address>0x1173</run_address>
         <size>0x52</size>
         <input_file_ref idref="fl-df"/>
      </object_component>
      <object_component id="oc-8d">
         <name>.debug_abbrev</name>
         <load_address>0x11c5</load_address>
         <run_address>0x11c5</run_address>
         <size>0x7b</size>
         <input_file_ref idref="fl-df"/>
      </object_component>
      <object_component id="oc-42">
         <name>.debug_abbrev</name>
         <load_address>0x1240</load_address>
         <run_address>0x1240</run_address>
         <size>0x66</size>
         <input_file_ref idref="fl-df"/>
      </object_component>
      <object_component id="oc-46">
         <name>.debug_abbrev</name>
         <load_address>0x12a6</load_address>
         <run_address>0x12a6</run_address>
         <size>0x24</size>
         <input_file_ref idref="fl-df"/>
      </object_component>
      <object_component id="oc-92">
         <name>.debug_abbrev</name>
         <load_address>0x12ca</load_address>
         <run_address>0x12ca</run_address>
         <size>0x24</size>
         <input_file_ref idref="fl-df"/>
      </object_component>
      <object_component id="oc-f9">
         <name>.debug_abbrev</name>
         <load_address>0x12ee</load_address>
         <run_address>0x12ee</run_address>
         <size>0xa8</size>
         <input_file_ref idref="fl-e1"/>
      </object_component>
      <object_component id="oc-ed">
         <name>.debug_abbrev</name>
         <load_address>0x1396</load_address>
         <run_address>0x1396</run_address>
         <size>0x29</size>
         <input_file_ref idref="fl-e1"/>
      </object_component>
      <object_component id="oc-b6">
         <name>.debug_abbrev</name>
         <load_address>0x13bf</load_address>
         <run_address>0x13bf</run_address>
         <size>0xba</size>
         <input_file_ref idref="fl-e1"/>
      </object_component>
      <object_component id="oc-80">
         <name>.debug_abbrev</name>
         <load_address>0x1479</load_address>
         <run_address>0x1479</run_address>
         <size>0x3e</size>
         <input_file_ref idref="fl-e2"/>
      </object_component>
      <object_component id="oc-95">
         <name>.debug_abbrev</name>
         <load_address>0x14b7</load_address>
         <run_address>0x14b7</run_address>
         <size>0x4f</size>
         <input_file_ref idref="fl-e3"/>
      </object_component>
      <object_component id="oc-98">
         <name>.debug_abbrev</name>
         <load_address>0x1506</load_address>
         <run_address>0x1506</run_address>
         <size>0x53</size>
         <input_file_ref idref="fl-e4"/>
      </object_component>
      <object_component id="oc-99">
         <name>.debug_abbrev</name>
         <load_address>0x1559</load_address>
         <run_address>0x1559</run_address>
         <size>0x55</size>
         <input_file_ref idref="fl-e5"/>
      </object_component>
      <object_component id="oc-b9">
         <name>.debug_abbrev</name>
         <load_address>0x15ae</load_address>
         <run_address>0x15ae</run_address>
         <size>0x27</size>
         <input_file_ref idref="fl-e6"/>
      </object_component>
      <object_component id="oc-124">
         <name>.debug_abbrev</name>
         <load_address>0x15d5</load_address>
         <run_address>0x15d5</run_address>
         <size>0x45</size>
         <input_file_ref idref="fl-e7"/>
      </object_component>
      <object_component id="oc-f5">
         <name>.debug_abbrev</name>
         <load_address>0x161a</load_address>
         <run_address>0x161a</run_address>
         <size>0x29</size>
         <input_file_ref idref="fl-e7"/>
      </object_component>
      <object_component id="oc-123">
         <name>.debug_abbrev</name>
         <load_address>0x1643</load_address>
         <run_address>0x1643</run_address>
         <size>0x6f</size>
         <input_file_ref idref="fl-e7"/>
      </object_component>
      <object_component id="oc-e6">
         <name>.debug_abbrev</name>
         <load_address>0x16b2</load_address>
         <run_address>0x16b2</run_address>
         <size>0x8e</size>
         <input_file_ref idref="fl-e8"/>
      </object_component>
      <object_component id="oc-ae">
         <name>.debug_abbrev</name>
         <load_address>0x1740</load_address>
         <run_address>0x1740</run_address>
         <size>0x68</size>
         <input_file_ref idref="fl-e8"/>
      </object_component>
      <object_component id="oc-ea">
         <name>.debug_abbrev</name>
         <load_address>0x17a8</load_address>
         <run_address>0x17a8</run_address>
         <size>0x49</size>
         <input_file_ref idref="fl-e8"/>
      </object_component>
      <object_component id="oc-c7">
         <name>.debug_abbrev</name>
         <load_address>0x17f1</load_address>
         <run_address>0x17f1</run_address>
         <size>0xae</size>
         <input_file_ref idref="fl-e9"/>
      </object_component>
      <object_component id="oc-a6">
         <name>.debug_abbrev</name>
         <load_address>0x189f</load_address>
         <run_address>0x189f</run_address>
         <size>0x7e</size>
         <input_file_ref idref="fl-e9"/>
      </object_component>
      <object_component id="oc-cb">
         <name>.debug_abbrev</name>
         <load_address>0x191d</load_address>
         <run_address>0x191d</run_address>
         <size>0x24</size>
         <input_file_ref idref="fl-e9"/>
      </object_component>
      <object_component id="oc-d0">
         <name>.debug_abbrev</name>
         <load_address>0x1941</load_address>
         <run_address>0x1941</run_address>
         <size>0x4b</size>
         <input_file_ref idref="fl-e9"/>
      </object_component>
      <object_component id="oc-104">
         <name>.debug_abbrev</name>
         <load_address>0x198c</load_address>
         <run_address>0x198c</run_address>
         <size>0x9c</size>
         <input_file_ref idref="fl-ea"/>
      </object_component>
      <object_component id="oc-c4">
         <name>.debug_abbrev</name>
         <load_address>0x1a28</load_address>
         <run_address>0x1a28</run_address>
         <size>0x8c</size>
         <input_file_ref idref="fl-ea"/>
      </object_component>
      <object_component id="oc-108">
         <name>.debug_abbrev</name>
         <load_address>0x1ab4</load_address>
         <run_address>0x1ab4</run_address>
         <size>0x24</size>
         <input_file_ref idref="fl-ea"/>
      </object_component>
      <object_component id="oc-c6">
         <name>.debug_abbrev</name>
         <load_address>0x1ad8</load_address>
         <run_address>0x1ad8</run_address>
         <size>0x53</size>
         <input_file_ref idref="fl-eb"/>
      </object_component>
      <object_component id="oc-1a9">
         <name>.debug_abbrev</name>
         <load_address>0x1b2b</load_address>
         <run_address>0x1b2b</run_address>
         <size>0xf</size>
      </object_component>
      <object_component id="oc-157">
         <name>.debug_str</name>
         <load_address>0x0</load_address>
         <run_address>0x0</run_address>
         <size>0x47e</size>
         <input_file_ref idref="fl-2"/>
      </object_component>
      <object_component id="oc-17d">
         <name>.debug_str</name>
         <load_address>0x47e</load_address>
         <run_address>0x47e</run_address>
         <size>0x15d1</size>
         <input_file_ref idref="fl-2"/>
      </object_component>
      <object_component id="oc-8c">
         <name>.debug_str</name>
         <load_address>0x1a4f</load_address>
         <run_address>0x1a4f</run_address>
         <size>0xfb</size>
         <input_file_ref idref="fl-2"/>
      </object_component>
      <object_component id="oc-103">
         <name>.debug_str</name>
         <load_address>0x1b4a</load_address>
         <run_address>0x1b4a</run_address>
         <size>0x221</size>
         <input_file_ref idref="fl-2"/>
      </object_component>
      <object_component id="oc-152">
         <name>.debug_str</name>
         <load_address>0x1d6b</load_address>
         <run_address>0x1d6b</run_address>
         <size>0x15c7</size>
         <input_file_ref idref="fl-5"/>
      </object_component>
      <object_component id="oc-14a">
         <name>.debug_str</name>
         <load_address>0x3332</load_address>
         <run_address>0x3332</run_address>
         <size>0xfb</size>
         <input_file_ref idref="fl-5"/>
      </object_component>
      <object_component id="oc-3a">
         <name>.debug_str</name>
         <load_address>0x342d</load_address>
         <run_address>0x342d</run_address>
         <size>0x101</size>
         <input_file_ref idref="fl-de"/>
      </object_component>
      <object_component id="oc-85">
         <name>.debug_str</name>
         <load_address>0x352e</load_address>
         <run_address>0x352e</run_address>
         <size>0x12e</size>
         <input_file_ref idref="fl-de"/>
      </object_component>
      <object_component id="oc-48">
         <name>.debug_str</name>
         <load_address>0x365c</load_address>
         <run_address>0x365c</run_address>
         <size>0xf3</size>
         <input_file_ref idref="fl-df"/>
      </object_component>
      <object_component id="oc-94">
         <name>.debug_str</name>
         <load_address>0x374f</load_address>
         <run_address>0x374f</run_address>
         <size>0x12e</size>
         <input_file_ref idref="fl-df"/>
      </object_component>
      <object_component id="oc-ec">
         <name>.debug_str</name>
         <load_address>0x387d</load_address>
         <run_address>0x387d</run_address>
         <size>0xd7</size>
         <input_file_ref idref="fl-e8"/>
      </object_component>
      <object_component id="oc-cd">
         <name>.debug_str</name>
         <load_address>0x3954</load_address>
         <run_address>0x3954</run_address>
         <size>0xe3</size>
         <input_file_ref idref="fl-e9"/>
      </object_component>
      <object_component id="oc-d2">
         <name>.debug_str</name>
         <load_address>0x3a37</load_address>
         <run_address>0x3a37</run_address>
         <size>0x185</size>
         <input_file_ref idref="fl-e9"/>
      </object_component>
      <object_component id="oc-10a">
         <name>.debug_str</name>
         <load_address>0x3bbc</load_address>
         <run_address>0x3bbc</run_address>
         <size>0xd8</size>
         <input_file_ref idref="fl-ea"/>
      </object_component>
      <object_component id="oc-aa">
         <name>.debug_aranges</name>
[...]
         <name>Interrupt_setPriorityMask</name>
         <value>0x8e3</value>
         <object_component_ref idref="oc-111"/>
      </symbol>
      <symbol id="sm-1be">
         <name>Interrupt_unregisterInterrupt</name>
         <value>0x5d9</value>
         <object_component_ref idref="oc-111"/>
      </symbol>
      <symbol id="sm-1bf">
         <name>Interrupt_setVectorTableAddress</name>
         <value>0x8fd</value>
         <object_component_ref idref="oc-111"/>
      </symbol>
      <symbol id="sm-1c0">
         <name>Interrupt_setPriority</name>
         <value>0x63f</value>
         <object_component_ref idref="oc-111"/>
      </symbol>
      <symbol id="sm-1c1">
         <name>Interrupt_enableSleepOnIsrExit</name>
         <value>0x913</value>
         <object_component_ref idref="oc-111"/>
      </symbol>
      <symbol id="sm-1c2">
         <name>Interrupt_enableMaster</name>
         <value>0x567</value>
         <object_component_ref idref="oc-111"/>
      </symbol>
      <symbol id="sm-1c3">
         <name>Interrupt_enableInterrupt</name>
         <value>0x6b5</value>
         <object_component_ref idref="oc-111"/>
      </symbol>
      <symbol id="sm-1c4">
         <name>Interrupt_getPriority</name>
         <value>0x68f</value>
         <object_component_ref idref="oc-111"/>
      </symbol>
      <symbol id="sm-1c5">
         <name>Interrupt_registerInterrupt</name>
         <value>0x587</value>
         <object_component_ref idref="oc-111"/>
      </symbol>
      <symbol id="sm-1c6">
         <name>g_pfnRAMVectors</name>
         <value>0x20000000</value>
         <object_component_ref idref="oc-130"/>
      </symbol>
      <symbol id="sm-1c7">
         <name>Interrupt_disableSleepOnIsrExit</name>
         <value>0x925</value>
         <object_component_ref idref="oc-111"/>
      </symbol>
      <symbol id="sm-1c8">
         <name>Interrupt_setPriorityGrouping</name>
         <value>0x5ed</value>
         <object_component_ref idref="oc-111"/>
      </symbol>
      <symbol id="sm-1c9">
         <name>Interrupt_getPriorityGrouping</name>
         <value>0x607</value>
         <object_component_ref idref="oc-111"/>
      </symbol>
      <symbol id="sm-1ca">
         <name>Interrupt_getVectorTableAddress</name>
         <value>0x90d</value>
         <object_component_ref idref="oc-111"/>
      </symbol>
      <symbol id="sm-1cb">
         <name>Interrupt_isEnabled</name>
         <value>0x799</value>
         <object_component_ref idref="oc-111"/>
      </symbol>
      <symbol id="sm-1cc">
         <name>Interrupt_pendInterrupt</name>
         <value>0x825</value>
         <object_component_ref idref="oc-111"/>
      </symbol>
      <symbol id="sm-218">
         <name>SysCtl_disableSRAMBankRetention</name>
         <value>0xdd5</value>
         <object_component_ref idref="oc-10b"/>
      </symbol>
      <symbol id="sm-219">
         <name>SysCtl_getTempCalibrationConstant</name>
         <value>0xe83</value>
         <object_component_ref idref="oc-10b"/>
      </symbol>
      <symbol id="sm-21a">
         <name>SysCtl_enablePeripheralAtCPUHalt</name>
         <value>0xdfb</value>
         <object_component_ref idref="oc-10b"/>
      </symbol>
      <symbol id="sm-21b">
         <name>SysCtl_getSRAMSize</name>
         <value>0xcf7</value>
         <object_component_ref idref="oc-10b"/>
      </symbol>
      <symbol id="sm-21c">
         <name>SysCtl_enableSRAMBank</name>
         <value>0xd35</value>
         <object_component_ref idref="oc-10b"/>
      </symbol>
      <symbol id="sm-21d">
         <name>SysCtl_disablePeripheralAtCPUHalt</name>
         <value>0xe0f</value>
         <object_component_ref idref="oc-10b"/>
      </symbol>
      <symbol id="sm-21e">
         <name>SysCtl_setWDTTimeoutResetType</name>
         <value>0xe23</value>
         <object_component_ref idref="oc-10b"/>
      </symbol>
      <symbol id="sm-21f">
         <name>SysCtl_getNMISourceStatus</name>
         <value>0xd2b</value>
         <object_component_ref idref="oc-10b"/>
      </symbol>
      <symbol id="sm-220">
         <name>SysCtl_enableNMISource</name>
         <value>0xd17</value>
         <object_component_ref idref="oc-10b"/>
      </symbol>
      <symbol id="sm-221">
         <name>SysCtl_disableSRAMBank</name>
         <value>0xd51</value>
         <object_component_ref idref="oc-10b"/>
      </symbol>
      <symbol id="sm-222">
         <name>SysCtl_disableGlitchFilter</name>
         <value>0xe77</value>
         <object_component_ref idref="oc-10b"/>
      </symbol>
      <symbol id="sm-223">
         <name>SysCtl_disableNMISource</name>
         <value>0xd03</value>
         <object_component_ref idref="oc-10b"/>
      </symbol>
      <symbol id="sm-224">
         <name>SysCtl_setWDTPasswordViolationResetType</name>
         <value>0xe47</value>
         <object_component_ref idref="oc-10b"/>
      </symbol>
      <symbol id="sm-225">
         <name>SysCtl_rebootDevice</name>
         <value>0xdf1</value>
         <object_component_ref idref="oc-10b"/>
      </symbol>
      <symbol id="sm-226">
         <name>SysCtl_getFlashSize</name>
         <value>0xcfd</value>
         <object_component_ref idref="oc-10b"/>
      </symbol>
      <symbol id="sm-227">
         <name>SysCtl_getTLVInfo</name>
         <value>0xc81</value>
         <object_component_ref idref="oc-10b"/>
      </symbol>
      <symbol id="sm-228">
         <name>SysCtl_enableGlitchFilter</name>
         <value>0xe6b</value>
         <object_component_ref idref="oc-10b"/>
      </symbol>
      <symbol id="sm-229">
         <name>SysCtl_enableSRAMBankRetention</name>
         <value>0xdb9</value>
         <object_component_ref idref="oc-10b"/>
      </symbol>
      <symbol id="sm-243">
         <name>SysTick_setPeriod</name>
         <value>0x1185</value>
         <object_component_ref idref="oc-df"/>
      </symbol>
      <symbol id="sm-244">
         <name>SysTick_disableModule</name>
         <value>0x1149</value>
         <object_component_ref idref="oc-df"/>
      </symbol>
      <symbol id="sm-245">
         <name>SysTick_disableInterrupt</name>
         <value>0x1179</value>
         <object_component_ref idref="oc-df"/>
      </symbol>
      <symbol id="sm-246">
         <name>SysTick_getPeriod</name>
         <value>0x1197</value>
         <object_component_ref idref="oc-df"/>
      </symbol>
      <symbol id="sm-247">
         <name>SysTick_registerInterrupt</name>
         <value>0x1155</value>
         <object_component_ref idref="oc-df"/>
      </symbol>
      <symbol id="sm-248">
         <name>SysTick_getValue</name>
         <value>0x119f</value>
         <object_component_ref idref="oc-df"/>
      </symbol>
      <symbol id="sm-249">
         <name>SysTick_enableInterrupt</name>
         <value>0x116d</value>
         <object_component_ref idref="oc-df"/>
      </symbol>
      <symbol id="sm-24a">
         <name>SysTick_unregisterInterrupt</name>
         <value>0x1163</value>
         <object_component_ref idref="oc-df"/>
      </symbol>
      <symbol id="sm-24b">
         <name>SysTick_enableModule</name>
         <value>0x113d</value>
         <object_component_ref idref="oc-df"/>
      </symbol>
      <symbol id="sm-265">
         <name>WDT_A_setTimeoutReset</name>
         <value>0xf6d</value>
         <object_component_ref idref="oc-d3"/>
      </symbol>
      <symbol id="sm-266">
         <name>WDT_A_registerInterrupt</name>
         <value>0xf79</value>
         <object_component_ref idref="oc-d3"/>
      </symbol>
      <symbol id="sm-267">
         <name>WDT_A_setPasswordViolationReset</name>
         <value>0xf61</value>
         <object_component_ref idref="oc-d3"/>
      </symbol>
      <symbol id="sm-268">
         <name>WDT_A_initIntervalTimer</name>
         <value>0xf45</value>
         <object_component_ref idref="oc-d3"/>
      </symbol>
      <symbol id="sm-269">
         <name>WDT_A_clearTimer</name>
         <value>0xf09</value>
         <object_component_ref idref="oc-d3"/>
      </symbol>
      <symbol id="sm-26a">
         <name>WDT_A_holdTimer</name>
         <value>0xec9</value>
         <object_component_ref idref="oc-d3"/>
      </symbol>
      <symbol id="sm-26b">
         <name>WDT_A_initWatchdogTimer</name>
         <value>0xf29</value>
         <object_component_ref idref="oc-d3"/>
      </symbol>
      <symbol id="sm-26c">
         <name>WDT_A_startTimer</name>
         <value>0xee9</value>
         <object_component_ref idref="oc-d3"/>
      </symbol>
      <symbol id="sm-26d">
         <name>WDT_A_unregisterInterrupt</name>
         <value>0xf8d</value>
         <object_component_ref idref="oc-d3"/>
      </symbol>
      <symbol id="sm-27e">
         <name>_c_int00</name>
         <value>0x128d</value>
         <object_component_ref idref="oc-26"/>
      </symbol>
      <symbol id="sm-27f">
         <name>__stack</name>
         <value>0x2000fe00</value>
         <object_component_ref idref="oc-2f"/>
      </symbol>
      <symbol id="sm-296">
         <name>__TI_decompress_none</name>
         <value>0x13ed</value>
         <object_component_ref idref="oc-14"/>
      </symbol>
      <symbol id="sm-2be">
         <name>__TI_decompress_rle24</name>
         <value>0x1409</value>
         <object_component_ref idref="oc-1a"/>
      </symbol>
      <symbol id="sm-2e0">
         <name>C$$EXIT</name>
         <value>0x12e1</value>
         <object_component_ref idref="oc-6d"/>
      </symbol>
      <symbol id="sm-2e1">
         <name>abort</name>
         <value>0x12e5</value>
         <object_component_ref idref="oc-6d"/>
      </symbol>
      <symbol id="sm-2e2">
         <name>exit</name>
         <value>0x12ed</value>
         <object_component_ref idref="oc-6d"/>
      </symbol>
      <symbol id="sm-2e3">
         <name>__TI_dtors_ptr</name>
         <value>0x200000ec</value>
         <object_component_ref idref="oc-b0"/>
      </symbol>
      <symbol id="sm-2e4">
         <name>__TI_cleanup_ptr</name>
         <value>0x200000e8</value>
         <object_component_ref idref="oc-b0"/>
      </symbol>
      <symbol id="sm-2e5">
         <name>__TI_enable_exit_profile_output</name>
         <value>0x200000f0</value>
         <object_component_ref idref="oc-b0"/>
      </symbol>
      <symbol id="sm-300">
         <name>memcpy</name>
         <value>0xfa1</value>
         <object_component_ref idref="oc-30"/>
      </symbol>
      <symbol id="sm-301">
         <name>__aeabi_memcpy</name>
         <value>0xfa1</value>
         <object_component_ref idref="oc-30"/>
      </symbol>
      <symbol id="sm-302">
         <name>__aeabi_memcpy8</name>
         <value>0xfa1</value>
         <object_component_ref idref="oc-30"/>
      </symbol>
      <symbol id="sm-303">
         <name>__aeabi_memcpy4</name>
         <value>0xfa1</value>
         <object_component_ref idref="oc-30"/>
      </symbol>
      <symbol id="sm-312">
         <name>__aeabi_memset</name>
         <value>0x10c3</value>
         <object_component_ref idref="oc-49"/>
      </symbol>
      <symbol id="sm-313">
         <name>memset</name>
         <value>0x10c9</value>
         <object_component_ref idref="oc-49"/>
      </symbol>
      <symbol id="sm-314">
         <name>__aeabi_memset8</name>
         <value>0x10c3</value>
         <object_component_ref idref="oc-49"/>
      </symbol>
      <symbol id="sm-315">
         <name>__aeabi_memset4</name>
         <value>0x10c3</value>
         <object_component_ref idref="oc-49"/>
      </symbol>
      <symbol id="sm-316">
         <name>__aeabi_memclr8</name>
         <value>0x10c1</value>
         <object_component_ref idref="oc-49"/>
      </symbol>
      <symbol id="sm-317">
         <name>__aeabi_memclr4</name>
         <value>0x10c1</value>
         <object_component_ref idref="oc-49"/>
      </symbol>
      <symbol id="sm-318">
         <name>__aeabi_memclr</name>
         <value>0x10c1</value>
         <object_component_ref idref="oc-49"/>
      </symbol>
      <symbol id="sm-322">
         <name>__mpu_init</name>
         <value>0x113b</value>
         <object_component_ref idref="oc-55"/>
      </symbol>
      <symbol id="sm-32c">
         <name>_system_pre_init</name>
         <value>0x140f</value>
         <object_component_ref idref="oc-5b"/>
      </symbol>
      <symbol id="sm-334">
         <name>main_func_sp</name>
         <value>0x200000fc</value>
         <object_component_ref idref="oc-73"/>
      </symbol>
      <symbol id="sm-34d">
         <name>_nop</name>
         <value>0x13e7</value>
         <object_component_ref idref="oc-ef"/>
      </symbol>
      <symbol id="sm-34e">
         <name>_lock</name>
         <value>0x200000f4</value>
         <object_component_ref idref="oc-b3"/>
      </symbol>
      <symbol id="sm-34f">
         <name>_unlock</name>
         <value>0x200000f8</value>
         <object_component_ref idref="oc-b3"/>
      </symbol>
      <symbol id="sm-350">
         <name>_register_lock</name>
         <value>0x13df</value>
         <object_component_ref idref="oc-ef"/>
      </symbol>
      <symbol id="sm-351">
         <name>_register_unlock</name>
         <value>0x13d9</value>
         <object_component_ref idref="oc-ef"/>
      </symbol>
      <symbol id="sm-365">
         <name>_args_main</name>
         <value>0x13c1</value>
         <object_component_ref idref="oc-67"/>
      </symbol>
      <symbol id="sm-38a">
         <name>__TI_auto_init</name>
         <value>0x11b1</value>
         <object_component_ref idref="oc-61"/>
      </symbol>
      <symbol id="sm-3a4">
         <name>copy_in</name>
         <value>0x1335</value>
         <object_component_ref idref="oc-9a"/>
      </symbol>
      <symbol id="sm-3ae">
         <name>_system_post_cinit</name>
         <value>0x128b</value>
         <object_component_ref idref="oc-a0"/>
      </symbol>
      <symbol id="sm-3af">
         <name>__TI_static_base__</name>
         <value>0x0</value>
      </symbol>
      <symbol id="sm-3b2">
         <name>SHT$$INIT_ARRAY$$Limit</name>
         <value>0x0</value>
      </symbol>
      <symbol id="sm-3b3">
         <name>SHT$$INIT_ARRAY$$Base</name>
         <value>0x0</value>
      </symbol>
      <symbol id="sm-3b4">
         <name>NMI_Handler</name>
         <value>0x1407</value>
      </symbol>
      <symbol id="sm-3b5">
         <name>HardFault_Handler</name>
         <value>0x1407</value>
      </symbol>
      <symbol id="sm-3b6">
         <name>MemManage_Handler</name>
         <value>0x1407</value>
      </symbol>
      <symbol id="sm-3b7">
         <name>BusFault_Handler</name>
         <value>0x1407</value>
      </symbol>
      <symbol id="sm-3b8">
         <name>UsageFault_Handler</name>
         <value>0x1407</value>
      </symbol>
      <symbol id="sm-3b9">
         <name>SVC_Handler</name>
         <value>0x1407</value>
      </symbol>
      <symbol id="sm-3ba">
         <name>DebugMon_Handler</name>
         <value>0x1407</value>
      </symbol>
      <symbol id="sm-3bb">
         <name>PendSV_Handler</name>
         <value>0x1407</value>
      </symbol>
      <symbol id="sm-3bc">
         <name>SysTick_Handler</name>
         <value>0x1407</value>
      </symbol>
      <symbol id="sm-3bd">
         <name>PSS_IRQHandler</name>
         <value>0x1407</value>
      </symbol>
      <symbol id="sm-3be">
         <name>CS_IRQHandler</name>
         <value>0x1407</value>
      </symbol>
      <symbol id="sm-3bf">
         <name>PCM_IRQHandler</name>
         <value>0x1407</value>
      </symbol>
      <symbol id="sm-3c0">
         <name>WDT_A_IRQHandler</name>
         <value>0x1407</value>
      </symbol>
      <symbol id="sm-3c1">
         <name>FPU_IRQHandler</name>
         <value>0x1407</value>
      </symbol>
      <symbol id="sm-3c2">
         <name>FLCTL_IRQHandler</name>
         <value>0x1407</value>
      </symbol>
      <symbol id="sm-3c3">
         <name>COMP_E0_IRQHandler</name>
         <value>0x1407</value>
      </symbol>
      <symbol id="sm-3c4">
         <name>COMP_E1_IRQHandler</name>
         <value>0x1407</value>
      </symbol>
      <symbol id="sm-3c5">
         <name>TA0_0_IRQHandler</name>
         <value>0x1407</value>
      </symbol>
      <symbol id="sm-3c6">
         <name>TA0_N_IRQHandler</name>
         <value>0x1407</value>
      </symbol>
      <symbol id="sm-3c7">
         <name>TA1_0_IRQHandler</name>
         <value>0x1407</value>
      </symbol>
      <symbol id="sm-3c8">
         <name>TA1_N_IRQHandler</name>
         <value>0x1407</value>
      </symbol>
      <symbol id="sm-3c9">
         <name>TA2_0_IRQHandler</name>
         <value>0x1407</value>
      </symbol>
      <symbol id="sm-3ca">
         <name>TA2_N_IRQHandler</name>
         <value>0x1407</value>
      </symbol>
      <symbol id="sm-3cb">
         <name>TA3_0_IRQHandler</name>
         <value>0x1407</value>
      </symbol>
      <symbol id="sm-3cc">
         <name>TA3_N_IRQHandler</name>
         <value>0x1407</value>
      </symbol>
      <symbol id="sm-3cd">
         <name>EUSCIA0_IRQHandler</name>
         <value>0x1407</value>
      </symbol>
      <symbol id="sm-3ce">
         <name>EUSCIA1_IRQHandler</name>
         <value>0x1407</value>
      </symbol>
      <symbol id="sm-3cf">
         <name>EUSCIA2_IRQHandler</name>
         <value>0x1407</value>
      </symbol>
      <symbol id="sm-3d0">
         <name>EUSCIA3_IRQHandler</name>
         <value>0x1407</value>
      </symbol>
      <symbol id="sm-3d1">
         <name>EUSCIB0_IRQHandler</name>
         <value>0x1407</value>
      </symbol>
      <symbol id="sm-3d2">
         <name>EUSCIB1_IRQHandler</name>
         <value>0x1407</value>
      </symbol>
      <symbol id="sm-3d3">
         <name>EUSCIB2_IRQHandler</name>
         <value>0x1407</value>
      </symbol>
      <symbol id="sm-3d4">
         <name>EUSCIB3_IRQHandler</name>
         <value>0x1407</value>
      </symbol>
      <symbol id="sm-3d5">
         <name>ADC14_IRQHandler</name>
         <value>0x1407</value>
      </symbol>
      <symbol id="sm-3d6">
         <name>T32_INT1_IRQHandler</name>
         <value>0x1407</value>
      </symbol>
      <symbol id="sm-3d7">
         <name>T32_INT2_IRQHandler</name>
         <value>0x1407</value>
      </symbol>
      <symbol id="sm-3d8">
         <name>T32_INTC_IRQHandler</name>
         <value>0x1407</value>
      </symbol>
      <symbol id="sm-3d9">
         <name>AES256_IRQHandler</name>
         <value>0x1407</value>
      </symbol>
      <symbol id="sm-3da">
         <name>RTC_C_IRQHandler</name>
         <value>0x1407</value>
      </symbol>
      <symbol id="sm-3db">
         <name>DMA_ERR_IRQHandler</name>
         <value>0x1407</value>
      </symbol>
      <symbol id="sm-3dc">
         <name>DMA_INT3_IRQHandler</name>
         <value>0x1407</value>
      </symbol>
      <symbol id="sm-3dd">
         <name>DMA_INT2_IRQHandler</name>
         <value>0x1407</value>
      </symbol>
      <symbol id="sm-3de">
         <name>DMA_INT1_IRQHandler</name>
         <value>0x1407</value>
      </symbol>
      <symbol id="sm-3df">
         <name>DMA_INT0_IRQHandler</name>
         <value>0x1407</value>
      </symbol>
      <symbol id="sm-3e0">
         <name>PORT1_IRQHandler</name>
         <value>0x1407</value>
      </symbol>
      <symbol id="sm-3e1">
         <name>PORT2_IRQHandler</name>
         <value>0x1407</value>
      </symbol>
      <symbol id="sm-3e2">
         <name>PORT3_IRQHandler</name>
         <value>0x1407</value>
      </symbol>
      <symbol id="sm-3e3">
         <name>PORT4_IRQHandler</name>
         <value>0x1407</value>
      </symbol>
      <symbol id="sm-3e4">
         <name>PORT5_IRQHandler</name>
         <value>0x1407</value>
      </symbol>
      <symbol id="sm-3e5">
         <name>PORT6_IRQHandler</name>
         <value>0x1407</value>
      </symbol>
   </symbol_table>
   <title>Link successful</title>
</link_info>
