******************************************************************************
                  TI ARM Linker PC v15.12.3                    
******************************************************************************
>> Linked Mon May 27 22:48:58 2019

OUTPUT FILE NAME:   <Copy of 01GPIO_PUT.out>
ENTRY POINT SYMBOL: "_c_int00"  address: 0000128d


MEMORY CONFIGURATION

         name            origin    length      used     unused   attr    fill
----------------------  --------  ---------  --------  --------  ----  --------
  MAIN                  00000000   00040000  00001532  0003eace  R  X
  INFO                  00200000   00004000  00000000  00004000  R  X
  SRAM_CODE             01000000   00010000  00000304  0000fcfc  RW X
  SRAM_DATA             20000000   00010000  00000304  0000fcfc  RW  


SEGMENT ALLOCATION MAP

run origin  load origin   length   init length attrs members
----------  ----------- ---------- ----------- ----- -------
00000000    00000000    00001534   00001534    r-x
  00000000    00000000    000000e4   000000e4    r-- .intvecs
  000000e4    000000e4    0000132e   0000132e    r-x .text
  00001414    00001414    000000dc   000000dc    r-- .const
  000014f0    000014f0    00000044   00000044    r-- .cinit
20000000    20000000    00000104   00000000    rw-
  20000000    20000000    000000e8   00000000    rw- .vtable
  200000e8    200000e8    0000001c   00000000    rw- .data
2000fe00    2000fe00    00000200   00000000    rw-
  2000fe00    2000fe00    00000200   00000000    rw- .stack


SECTION ALLOCATION MAP

 output                                  attributes/
section   page    origin      length       input sections
--------  ----  ----------  ----------   ----------------
.intvecs   0    00000000    000000e4     
                  00000000    000000e4     startup_msp432p401r_ccs.obj (.intvecs:retain)

.binit     0    00000000    00000000     

.text      0    000000e4    0000132e     
                  000000e4    00000480     gpio.obj (.text)
                  00000564    000003f0     interrupt.obj (.text)
                  00000954    0000032c     system_msp432p401r.obj (.text)
                  00000c80    00000248     sysctl.obj (.text)
                  00000ec8    000000d8     wdt_a.obj (.text)
                  00000fa0    0000009c     rtsv7M4_T_le_v4SPD16_eabi.lib : memcpy_t2.obj (.text)
                  0000103c    00000084     main.obj (.text)
                  000010c0    0000007a     rtsv7M4_T_le_v4SPD16_eabi.lib : memset_t2.obj (.text)
                  0000113a    00000002                                   : mpu_init.obj (.text)
                  0000113c    00000074     systick.obj (.text)
                  000011b0    00000070     rtsv7M4_T_le_v4SPD16_eabi.lib : autoinit.obj (.text)
                  00001220    0000006a                                   : copy_decompress_rle.obj (.text)
                  0000128a    00000002                                   : startup.obj (.text)
                  0000128c    00000054                                   : boot.obj (.text)
                  000012e0    00000054                                   : exit.obj (.text)
                  00001334    0000004c                                   : cpy_tbl.obj (.text)
                  00001380    0000003e     cpu.obj (.text)
                  000013be    00000002     --HOLE-- [fill = 0]
                  000013c0    00000018     rtsv7M4_T_le_v4SPD16_eabi.lib : args_main.obj (.text)
                  000013d8    00000014                                   : _lock.obj (.text)
                  000013ec    0000000e                                   : copy_decompress_none.obj (.text:decompress:none)
                  000013fa    0000000e     startup_msp432p401r_ccs.obj (.text)
                  00001408    00000006     rtsv7M4_T_le_v4SPD16_eabi.lib : copy_decompress_rle.obj (.text:decompress:rle24)
                  0000140e    00000004                                   : pre_init.obj (.text)

.const     0    00001414    000000dc     
                  00001414    00000050     interrupt.obj (.const:g_pulRegs)
                  00001464    00000030     gpio.obj (.const:GPIO_PORT_TO_BASE)
                  00001494    00000020     interrupt.obj (.const:g_pulPriority)
                  000014b4    0000001c     gpio.obj (.const:GPIO_PORT_TO_INT)
                  000014d0    00000008     interrupt.obj (.const:g_pulDisRegs)
                  000014d8    00000008     interrupt.obj (.const:g_pulEnRegs)
                  000014e0    00000008     interrupt.obj (.const:g_pulPendRegs)
                  000014e8    00000008     interrupt.obj (.const:g_pulUnpendRegs)

.cinit     0    000014f0    00000044     
                  000014f0    0000001a     (.cinit..data.load) [load image, compression = rle]
                  0000150a    00000006     --HOLE-- [fill = 0]
                  00001510    00000009     (.cinit..vtable.load) [load image, compression = rle]
                  00001519    00000003     --HOLE-- [fill = 0]
                  0000151c    00000008     (__TI_handler_table)
                  00001524    00000010     (__TI_cinit_table)

.init_array 
*          0    00000000    00000000     UNINITIALIZED

.vtable    0    20000000    000000e8     UNINITIALIZED
                  20000000    000000e8     interrupt.obj (.vtable)

.data      0    200000e8    0000001c     UNINITIALIZED
                  200000e8    0000000c     rtsv7M4_T_le_v4SPD16_eabi.lib : exit.obj (.data:$O1$$)
                  200000f4    00000008                                   : _lock.obj (.data:$O1$$)
                  200000fc    00000004                                   : stkdepth_vars.obj (.data)
                  20000100    00000004     system_msp432p401r.obj (.data)

.stack     0    2000fe00    00000200     UNINITIALIZED
                  2000fe00    00000200     --HOLE--

MODULE SUMMARY

       Module                        code   ro data   rw data
       ------                        ----   -------   -------
    .\
       system_msp432p401r.obj        812    0         8      
       startup_msp432p401r_ccs.obj   14     228       0      
       main.obj                      132    0         0      
    +--+-----------------------------+------+---------+---------+
       Total:                        958    228       8      
                                                             
    .\DriverLib\
       interrupt.obj                 1008   144       464    
       gpio.obj                      1152   76        0      
       sysctl.obj                    584    0         0      
       wdt_a.obj                     216    0         0      
       systick.obj                   116    0         0      
       cpu.obj                       62     0         0      
    +--+-----------------------------+------+---------+---------+
       Total:                        3138   220       464    
                                                             
    D:\Program Files (x86)\CCS6.2\ccsv6\tools\compiler\arm_15.12.3.LTS\lib\rtsv7M4_T_le_v4SPD16_eabi.lib
       memcpy_t2.obj                 156    0         0      
       memset_t2.obj                 122    0         0      
       autoinit.obj                  112    0         0      
       copy_decompress_rle.obj       112    0         0      
       exit.obj                      84     0         24     
       boot.obj                      84     0         0      
       cpy_tbl.obj                   76     0         0      
       _lock.obj                     20     0         16     
       args_main.obj                 24     0         0      
       copy_decompress_none.obj      14     0         0      
       stkdepth_vars.obj             0      0         8      
       pre_init.obj                  4      0         0      
       mpu_init.obj                  2      0         0      
       startup.obj                   2      0         0      
    +--+-----------------------------+------+---------+---------+
       Total:                        812    0         48     
                                                             
       Stack:                        0      0         1024   
       Linker Generated:             0      59        0      
    +--+-----------------------------+------+---------+---------+
       Grand Total:                  4908   507       1544   


LINKER GENERATED COPY TABLES

__TI_cinit_table @ 00001524 records: 2, size/record: 8, table size: 16
	.data: load addr=000014f0, load size=0000001a bytes, run addr=200000e8, run size=0000001c bytes, compression=rle
	.vtable: load addr=00001510, load size=00000009 bytes, run addr=20000000, run size=000000e8 bytes, compression=rle


LINKER GENERATED HANDLER TABLE

__TI_handler_table @ 0000151c records: 2, size/record: 4, table size: 8
	index: 0, handler: __TI_decompress_rle24
	index: 1, handler: __TI_decompress_none


GLOBAL SYMBOLS: SORTED ALPHABETICALLY BY Name 

address   name                                       
-------   ----                                       
00001407  ADC14_IRQHandler                           
00001407  AES256_IRQHandler                          
00001407  BusFault_Handler                           
000012e1  C$$EXIT                                    
00001407  COMP_E0_IRQHandler                         
00001407  COMP_E1_IRQHandler                         
000013b5  CPU_basepriGet                             
000013a7  CPU_basepriSet                             
00001381  CPU_cpsid                                  
00001397  CPU_cpsie                                  
0000138d  CPU_primask                                
000013a3  CPU_wfi                                    
00001407  CS_IRQHandler                              
00001407  DMA_ERR_IRQHandler                         
00001407  DMA_INT0_IRQHandler                        
00001407  DMA_INT1_IRQHandler                        
00001407  DMA_INT2_IRQHandler                        
00001407  DMA_INT3_IRQHandler                        
00001407  DebugMon_Handler                           
00001407  Default_Handler                            
00001407  EUSCIA0_IRQHandler                         
00001407  EUSCIA1_IRQHandler                         
00001407  EUSCIA2_IRQHandler                         
00001407  EUSCIA3_IRQHandler                         
00001407  EUSCIB0_IRQHandler                         
00001407  EUSCIB1_IRQHandler                         
00001407  EUSCIB2_IRQHandler                         
00001407  EUSCIB3_IRQHandler                         
00001407  FLCTL_IRQHandler                           
00001407  FPU_IRQHandler                             
00000407  GPIO_clearInterruptFlag                    
000003c7  GPIO_disableInterrupt                      
000003a5  GPIO_enableInterrupt                       
0000045f  GPIO_getEnabledInterruptStatus             
00000377  GPIO_getInputPinValue                      
000003e9  GPIO_getInterruptStatus                    
00000429  GPIO_interruptEdgeSelect                   
0000051f  GPIO_registerInterrupt                     
0000011f  GPIO_setAsInputPin                         
000002d3  GPIO_setAsInputPinWithPullDownResistor     
00000325  GPIO_setAsInputPinWithPullUpResistor       
000000e5  GPIO_setAsOutputPin                        
000001e9  GPIO_setAsPeripheralModuleFunctionInputPin 
00000165  GPIO_setAsPeripheralModuleFunctionOutputPin
000004db  GPIO_setDriveStrengthHigh                  
000004fd  GPIO_setDriveStrengthLow                   
0000026d  GPIO_setOutputHighOnPin                    
0000028f  GPIO_setOutputLowOnPin                     
000002b1  GPIO_toggleOutputOnPin                     
0000053f  GPIO_unregisterInterrupt                   
00001407  HardFault_Handler                          
00000727  Interrupt_disableInterrupt                 
00000577  Interrupt_disableMaster                    
00000925  Interrupt_disableSleepOnIsrExit            
000006b5  Interrupt_enableInterrupt                  
00000567  Interrupt_enableMaster                     
00000913  Interrupt_enableSleepOnIsrExit             
0000068f  Interrupt_getPriority                      
00000607  Interrupt_getPriorityGrouping              
000008f3  Interrupt_getPriorityMask                  
0000090d  Interrupt_getVectorTableAddress            
00000799  Interrupt_isEnabled                        
00000825  Interrupt_pendInterrupt                    
00000587  Interrupt_registerInterrupt                
0000063f  Interrupt_setPriority                      
000005ed  Interrupt_setPriorityGrouping              
000008e3  Interrupt_setPriorityMask                  
000008fd  Interrupt_setVectorTableAddress            
00000895  Interrupt_unpendInterrupt                  
000005d9  Interrupt_unregisterInterrupt              
00001407  MemManage_Handler                          
00001407  NMI_Handler                                
00001407  PCM_IRQHandler                             
00001407  PORT1_IRQHandler                           
00001407  PORT2_IRQHandler                           
00001407  PORT3_IRQHandler                           
00001407  PORT4_IRQHandler                           
00001407  PORT5_IRQHandler                           
00001407  PORT6_IRQHandler                           
00001407  PSS_IRQHandler                             
00001407  PendSV_Handler                             
00001407  RTC_C_IRQHandler                           
000013fb  Reset_Handler                              
UNDEFED   SHT$$INIT_ARRAY$$Base                      
UNDEFED   SHT$$INIT_ARRAY$$Limit                     
00001407  SVC_Handler                                
00000e77  SysCtl_disableGlitchFilter                 
00000d03  SysCtl_disableNMISource                    
00000e0f  SysCtl_disablePeripheralAtCPUHalt          
00000d51  SysCtl_disableSRAMBank                     
00000dd5  SysCtl_disableSRAMBankRetention            
00000e6b  SysCtl_enableGlitchFilter                  
00000d17  SysCtl_enableNMISource                     
00000dfb  SysCtl_enablePeripheralAtCPUHalt           
00000d35  SysCtl_enableSRAMBank                      
00000db9  SysCtl_enableSRAMBankRetention             
00000cfd  SysCtl_getFlashSize                        
00000d2b  SysCtl_getNMISourceStatus                  
00000cf7  SysCtl_getSRAMSize                         
00000c81  SysCtl_getTLVInfo                          
00000e83  SysCtl_getTempCalibrationConstant          
00000df1  SysCtl_rebootDevice                        
00000e47  SysCtl_setWDTPasswordViolationResetType    
00000e23  SysCtl_setWDTTimeoutResetType              
00001407  SysTick_Handler                            
00001179  SysTick_disableInterrupt                   
00001149  SysTick_disableModule                      
0000116d  SysTick_enableInterrupt                    
0000113d  SysTick_enableModule                       
00001197  SysTick_getPeriod                          
0000119f  SysTick_getValue                           
00001155  SysTick_registerInterrupt                  
00001185  SysTick_setPeriod                          
00001163  SysTick_unregisterInterrupt                
20000100  SystemCoreClock                            
00000955  SystemCoreClockUpdate                      
00000bc9  SystemInit                                 
00001407  T32_INT1_IRQHandler                        
00001407  T32_INT2_IRQHandler                        
00001407  T32_INTC_IRQHandler                        
00001407  TA0_0_IRQHandler                           
00001407  TA0_N_IRQHandler                           
00001407  TA1_0_IRQHandler                           
00001407  TA1_N_IRQHandler                           
00001407  TA2_0_IRQHandler                           
00001407  TA2_N_IRQHandler                           
00001407  TA3_0_IRQHandler                           
00001407  TA3_N_IRQHandler                           
00001407  UsageFault_Handler                         
4000480c  WDTCTL_SYM                                 
00001407  WDT_A_IRQHandler                           
00000f09  WDT_A_clearTimer                           
00000ec9  WDT_A_holdTimer                            
00000f45  WDT_A_initIntervalTimer                    
00000f29  WDT_A_initWatchdogTimer                    
00000f79  WDT_A_registerInterrupt                    
00000f61  WDT_A_setPasswordViolationReset            
00000f6d  WDT_A_setTimeoutReset                      
00000ee9  WDT_A_startTimer                           
00000f8d  WDT_A_unregisterInterrupt                  
20010000  __STACK_END                                
00000200  __STACK_SIZE                               
00001524  __TI_CINIT_Base                            
00001534  __TI_CINIT_Limit                           
0000151c  __TI_Handler_Table_Base                    
00001524  __TI_Handler_Table_Limit                   
000011b1  __TI_auto_init                             
200000e8  __TI_cleanup_ptr                           
000013ed  __TI_decompress_none                       
00001409  __TI_decompress_rle24                      
200000ec  __TI_dtors_ptr                             
200000f0  __TI_enable_exit_profile_output            
ffffffff  __TI_pprof_out_hndl                        
ffffffff  __TI_prof_data_size                        
ffffffff  __TI_prof_data_start                       
00000000  __TI_static_base__                         
000010c1  __aeabi_memclr                             
000010c1  __aeabi_memclr4                            
000010c1  __aeabi_memclr8                            
00000fa1  __aeabi_memcpy                             
00000fa1  __aeabi_memcpy4                            
00000fa1  __aeabi_memcpy8                            
000010c3  __aeabi_memset                             
000010c3  __aeabi_memset4                            
000010c3  __aeabi_memset8                            
ffffffff  __binit__                                  
ffffffff  __c_args__                                 
0000113b  __mpu_init                                 
2000fe00  __stack                                    
000013c1  _args_main                                 
0000128d  _c_int00                                   
200000f4  _lock                                      
000013e7  _nop                                       
000013df  _register_lock                             
000013d9  _register_unlock                           
0000128b  _system_post_cinit                         
0000140f  _system_pre_init                           
200000f8  _unlock                                    
000012e5  abort                                      
ffffffff  binit                                      
00001335  copy_in                                    
000012ed  exit                                       
20000000  g_pfnRAMVectors                            
00000000  interruptVectors                           
0000103d  main                                       
200000fc  main_func_sp                               
00000fa1  memcpy                                     
000010c9  memset                                     


GLOBAL SYMBOLS: SORTED BY Symbol Address 

address   name                                       
-------   ----                                       
00000000  __TI_static_base__                         
00000000  interruptVectors                           
000000e5  GPIO_setAsOutputPin                        
0000011f  GPIO_setAsInputPin                         
00000165  GPIO_setAsPeripheralModuleFunctionOutputPin
000001e9  GPIO_setAsPeripheralModuleFunctionInputPin 
00000200  __STACK_SIZE                               
0000026d  GPIO_setOutputHighOnPin                    
0000028f  GPIO_setOutputLowOnPin                     
000002b1  GPIO_toggleOutputOnPin                     
000002d3  GPIO_setAsInputPinWithPullDownResistor     
00000325  GPIO_setAsInputPinWithPullUpResistor       
00000377  GPIO_getInputPinValue                      
000003a5  GPIO_enableInterrupt                       
000003c7  GPIO_disableInterrupt                      
000003e9  GPIO_getInterruptStatus                    
00000407  GPIO_clearInterruptFlag                    
00000429  GPIO_interruptEdgeSelect                   
0000045f  GPIO_getEnabledInterruptStatus             
000004db  GPIO_setDriveStrengthHigh                  
000004fd  GPIO_setDriveStrengthLow                   
0000051f  GPIO_registerInterrupt                     
0000053f  GPIO_unregisterInterrupt                   
00000567  Interrupt_enableMaster                     
00000577  Interrupt_disableMaster                    
00000587  Interrupt_registerInterrupt                
000005d9  Interrupt_unregisterInterrupt              
000005ed  Interrupt_setPriorityGrouping              
00000607  Interrupt_getPriorityGrouping              
0000063f  Interrupt_setPriority                      
0000068f  Interrupt_getPriority                      
000006b5  Interrupt_enableInterrupt                  
00000727  Interrupt_disableInterrupt                 
00000799  Interrupt_isEnabled                        
00000825  Interrupt_pendInterrupt                    
00000895  Interrupt_unpendInterrupt                  
000008e3  Interrupt_setPriorityMask                  
000008f3  Interrupt_getPriorityMask                  
000008fd  Interrupt_setVectorTableAddress            
0000090d  Interrupt_getVectorTableAddress            
00000913  Interrupt_enableSleepOnIsrExit             
00000925  Interrupt_disableSleepOnIsrExit            
00000955  SystemCoreClockUpdate                      
00000bc9  SystemInit                                 
00000c81  SysCtl_getTLVInfo                          
00000cf7  SysCtl_getSRAMSize                         
00000cfd  SysCtl_getFlashSize                        
00000d03  SysCtl_disableNMISource                    
00000d17  SysCtl_enableNMISource                     
00000d2b  SysCtl_getNMISourceStatus                  
00000d35  SysCtl_enableSRAMBank                      
00000d51  SysCtl_disableSRAMBank                     
00000db9  SysCtl_enableSRAMBankRetention             
00000dd5  SysCtl_disableSRAMBankRetention            
00000df1  SysCtl_rebootDevice                        
00000dfb  SysCtl_enablePeripheralAtCPUHalt           
00000e0f  SysCtl_disablePeripheralAtCPUHalt          
00000e23  SysCtl_setWDTTimeoutResetType              
00000e47  SysCtl_setWDTPasswordViolationResetType    
00000e6b  SysCtl_enableGlitchFilter                  
00000e77  SysCtl_disableGlitchFilter                 
00000e83  SysCtl_getTempCalibrationConstant          
00000ec9  WDT_A_holdTimer                            
00000ee9  WDT_A_startTimer                           
00000f09  WDT_A_clearTimer                           
00000f29  WDT_A_initWatchdogTimer                    
00000f45  WDT_A_initIntervalTimer                    
00000f61  WDT_A_setPasswordViolationReset            
00000f6d  WDT_A_setTimeoutReset                      
00000f79  WDT_A_registerInterrupt                    
00000f8d  WDT_A_unregisterInterrupt                  
00000fa1  __aeabi_memcpy                             
00000fa1  __aeabi_memcpy4                            
00000fa1  __aeabi_memcpy8                            
00000fa1  memcpy                                     
0000103d  main                                       
000010c1  __aeabi_memclr                             
000010c1  __aeabi_memclr4                            
000010c1  __aeabi_memclr8                            
000010c3  __aeabi_memset                             
000010c3  __aeabi_memset4                            
000010c3  __aeabi_memset8                            
000010c9  memset                                     
0000113b  __mpu_init                                 
0000113d  SysTick_enableModule                       
00001149  SysTick_disableModule                      
00001155  SysTick_registerInterrupt                  
00001163  SysTick_unregisterInterrupt                
0000116d  SysTick_enableInterrupt                    
00001179  SysTick_disableInterrupt                   
00001185  SysTick_setPeriod                          
00001197  SysTick_getPeriod                          
0000119f  SysTick_getValue                           
000011b1  __TI_auto_init                             
0000128b  _system_post_cinit                         
0000128d  _c_int00                                   
000012e1  C$$EXIT                                    
000012e5  abort                                      
000012ed  exit                                       
00001335  copy_in                                    
00001381  CPU_cpsid                                  
0000138d  CPU_primask                                
00001397  CPU_cpsie                                  
000013a3  CPU_wfi                                    
000013a7  CPU_basepriSet                             
000013b5  CPU_basepriGet                             
000013c1  _args_main                                 
000013d9  _register_unlock                           
000013df  _register_lock                             
000013e7  _nop                                       
000013ed  __TI_decompress_none                       
000013fb  Reset_Handler                              
00001407  ADC14_IRQHandler                           
00001407  AES256_IRQHandler                          
00001407  BusFault_Handler                           
00001407  COMP_E0_IRQHandler                         
00001407  COMP_E1_IRQHandler                         
00001407  CS_IRQHandler                              
00001407  DMA_ERR_IRQHandler                         
00001407  DMA_INT0_IRQHandler                        
00001407  DMA_INT1_IRQHandler                        
00001407  DMA_INT2_IRQHandler                        
00001407  DMA_INT3_IRQHandler                        
00001407  DebugMon_Handler                           
00001407  Default_Handler                            
00001407  EUSCIA0_IRQHandler                         
00001407  EUSCIA1_IRQHandler                         
00001407  EUSCIA2_IRQHandler                         
00001407  EUSCIA3_IRQHandler                         
00001407  EUSCIB0_IRQHandler                         
00001407  EUSCIB1_IRQHandler                         
00001407  EUSCIB2_IRQHandler                         
00001407  EUSCIB3_IRQHandler                         
00001407  FLCTL_IRQHandler                           
00001407  FPU_IRQHandler                             
00001407  HardFault_Handler                          
00001407  MemManage_Handler                          
00001407  NMI_Handler                                
00001407  PCM_IRQHandler                             
00001407  PORT1_IRQHandler                           
00001407  PORT2_IRQHandler                           
00001407  PORT3_IRQHandler                           
00001407  PORT4_IRQHandler                           
00001407  PORT5_IRQHandler                           
00001407  PORT6_IRQHandler                           
00001407  PSS_IRQHandler                             
00001407  PendSV_Handler                             
00001407  RTC_C_IRQHandler                           
00001407  SVC_Handler                                
00001407  SysTick_Handler                            
00001407  T32_INT1_IRQHandler                        
00001407  T32_INT2_IRQHandler                        
00001407  T32_INTC_IRQHandler                        
00001407  TA0_0_IRQHandler                           
00001407  TA0_N_IRQHandler                           
00001407  TA1_0_IRQHandler                           
00001407  TA1_N_IRQHandler                           
00001407  TA2_0_IRQHandler                           
00001407  TA2_N_IRQHandler                           
00001407  TA3_0_IRQHandler                           
00001407  TA3_N_IRQHandler                           
00001407  UsageFault_Handler                         
00001407  WDT_A_IRQHandler                           
00001409  __TI_decompress_rle24                      
0000140f  _system_pre_init                           
0000151c  __TI_Handler_Table_Base                    
00001524  __TI_CINIT_Base                            
00001524  __TI_Handler_Table_Limit                   
00001534  __TI_CINIT_Limit                           
20000000  g_pfnRAMVectors                            
200000e8  __TI_cleanup_ptr                           
200000ec  __TI_dtors_ptr                             
200000f0  __TI_enable_exit_profile_output            
200000f4  _lock                                      
200000f8  _unlock                                    
200000fc  main_func_sp                               
20000100  SystemCoreClock                            
2000fe00  __stack                                    
20010000  __STACK_END                                
4000480c  WDTCTL_SYM                                 
ffffffff  __TI_pprof_out_hndl                        
ffffffff  __TI_prof_data_size                        
ffffffff  __TI_prof_data_start                       
ffffffff  __binit__                                  
ffffffff  __c_args__                                 
ffffffff  binit                                      
UNDEFED   SHT$$INIT_ARRAY$$Base                      
UNDEFED   SHT$$INIT_ARRAY$$Limit                     

[188 symbols]
