******************************************************************************
                  TI ARM Linker PC v15.12.3                    
******************************************************************************
>> Linked Fri Jul 12 13:58:07 2019

OUTPUT FILE NAME:   <03GPIO_INTERRUPT.out>
ENTRY POINT SYMBOL: "_c_int00"  address: 00001f7d


MEMORY CONFIGURATION

         name            origin    length      used     unused   attr    fill
----------------------  --------  ---------  --------  --------  ----  --------
  MAIN                  00000000   00040000  0000223a  0003ddc6  R  X
  INFO                  00200000   00004000  00000000  00004000  R  X
  SRAM_CODE             01000000   00010000  00000308  0000fcf8  RW X
  SRAM_DATA             20000000   00010000  00000308  0000fcf8  RW  


SEGMENT ALLOCATION MAP

run origin  load origin   length   init length attrs members
----------  ----------- ---------- ----------- ----- -------
00000000    00000000    0000223c   0000223c    r-x
  00000000    00000000    000000e4   000000e4    r-- .intvecs
  000000e4    000000e4    0000201e   0000201e    r-x .text
  00002104    00002104    000000dc   000000dc    r-- .const
  000021e0    000021e0    0000005c   0000005c    r-- .cinit
20000000    20000000    00000108   00000000    rw-
  20000000    20000000    000000e8   00000000    rw- .vtable
  200000e8    200000e8    0000001c   00000000    rw- .data
  20000104    20000104    00000004   00000000    rw- .bss
2000fe00    2000fe00    00000200   00000000    rw-
  2000fe00    2000fe00    00000200   00000000    rw- .stack


SECTION ALLOCATION MAP

 output                                  attributes/
section   page    origin      length       input sections
--------  ----  ----------  ----------   ----------------
.intvecs   0    00000000    000000e4     
                  00000000    000000e4     startup_msp432p401r_ccs.obj (.intvecs:retain)

.binit     0    00000000    00000000     

.text      0    000000e4    0000201e     
                  000000e4    00000834     pcm.obj (.text)
                  00000918    00000538     rtc_c.obj (.text)
                  00000e50    00000480     gpio.obj (.text)
                  000012d0    000003f0     interrupt.obj (.text)
                  000016c0    0000032c     system_msp432p401r.obj (.text)
                  000019ec    00000248     sysctl.obj (.text)
                  00001c34    000000d8     wdt_a.obj (.text)
                  00001d0c    0000009c     rtsv7M4_T_le_v4SPD16_eabi.lib : memcpy_t2.obj (.text)
                  00001da8    0000007c     main.obj (.text)
                  00001e24    0000007a     rtsv7M4_T_le_v4SPD16_eabi.lib : memset_t2.obj (.text)
                  00001e9e    00000002                                   : mpu_init.obj (.text)
                  00001ea0    00000070                                   : autoinit.obj (.text)
                  00001f10    0000006a                                   : copy_decompress_rle.obj (.text)
                  00001f7a    00000002                                   : startup.obj (.text)
                  00001f7c    00000054                                   : boot.obj (.text)
                  00001fd0    00000054                                   : exit.obj (.text)
                  00002024    0000004c                                   : cpy_tbl.obj (.text)
                  00002070    0000003e     cpu.obj (.text)
                  000020ae    00000002     --HOLE-- [fill = 0]
                  000020b0    00000018     rtsv7M4_T_le_v4SPD16_eabi.lib : args_main.obj (.text)
                  000020c8    00000014                                   : _lock.obj (.text)
                  000020dc    0000000e                                   : copy_decompress_none.obj (.text:decompress:none)
                  000020ea    0000000e     startup_msp432p401r_ccs.obj (.text)
                  000020f8    00000006     rtsv7M4_T_le_v4SPD16_eabi.lib : copy_decompress_rle.obj (.text:decompress:rle24)
                  000020fe    00000004                                   : pre_init.obj (.text)

.const     0    00002104    000000dc     
                  00002104    00000050     interrupt.obj (.const:g_pulRegs)
                  00002154    00000030     gpio.obj (.const:GPIO_PORT_TO_BASE)
                  00002184    00000020     interrupt.obj (.const:g_pulPriority)
                  000021a4    0000001c     gpio.obj (.const:GPIO_PORT_TO_INT)
                  000021c0    00000008     interrupt.obj (.const:g_pulDisRegs)
                  000021c8    00000008     interrupt.obj (.const:g_pulEnRegs)
                  000021d0    00000008     interrupt.obj (.const:g_pulPendRegs)
                  000021d8    00000008     interrupt.obj (.const:g_pulUnpendRegs)

.cinit     0    000021e0    0000005c     
                  000021e0    0000001a     (.cinit..data.load) [load image, compression = rle]
                  000021fa    00000006     --HOLE-- [fill = 0]
                  00002200    00000009     (.cinit..bss.load) [load image, compression = rle]
                  00002209    00000007     --HOLE-- [fill = 0]
                  00002210    00000009     (.cinit..vtable.load) [load image, compression = rle]
                  00002219    00000003     --HOLE-- [fill = 0]
                  0000221c    00000008     (__TI_handler_table)
                  00002224    00000018     (__TI_cinit_table)

.init_array 
*          0    00000000    00000000     UNINITIALIZED

.vtable    0    20000000    000000e8     UNINITIALIZED
                  20000000    000000e8     interrupt.obj (.vtable)

.data      0    200000e8    0000001c     UNINITIALIZED
                  200000e8    0000000c     rtsv7M4_T_le_v4SPD16_eabi.lib : exit.obj (.data:$O1$$)
                  200000f4    00000008                                   : _lock.obj (.data:$O1$$)
                  200000fc    00000004                                   : stkdepth_vars.obj (.data)
                  20000100    00000004     system_msp432p401r.obj (.data)

.bss       0    20000104    00000004     UNINITIALIZED
                  20000104    00000004     (.common:status)

.stack     0    2000fe00    00000200     UNINITIALIZED
                  2000fe00    00000200     --HOLE--

MODULE SUMMARY

       Module                        code   ro data   rw data
       ------                        ----   -------   -------
    .\
       system_msp432p401r.obj        812    0         8      
       startup_msp432p401r_ccs.obj   14     228       0      
       main.obj                      124    0         8      
    +--+-----------------------------+------+---------+---------+
       Total:                        950    228       16     
                                                             
    .\DriverLib\
       pcm.obj                       2100   0         0      
       interrupt.obj                 1008   144       464    
       rtc_c.obj                     1336   0         0      
       gpio.obj                      1152   76        0      
       sysctl.obj                    584    0         0      
       wdt_a.obj                     216    0         0      
       cpu.obj                       62     0         0      
    +--+-----------------------------+------+---------+---------+
       Total:                        6458   220       464    
                                                             
    D:\Program Files (x86)\CCS6.2\ccsv6\tools\compiler\arm_15.12.3.LTS\lib\rtsv7M4_T_le_v4SPD16_eabi.lib
       memcpy_t2.obj                 156    0         0      
       memset_t2.obj                 122    0         0      
       autoinit.obj                  112    0         0      
       copy_decompress_rle.obj       112    0         0      
       exit.obj                      84     0         24     
       boot.obj                      84     0         0      
       cpy_tbl.obj                   76     0         0      
       _lock.obj                     20     0         16     
       args_main.obj                 24     0         0      
       copy_decompress_none.obj      14     0         0      
       stkdepth_vars.obj             0      0         8      
       pre_init.obj                  4      0         0      
       mpu_init.obj                  2      0         0      
       startup.obj                   2      0         0      
    +--+-----------------------------+------+---------+---------+
       Total:                        812    0         48     
                                                             
       Stack:                        0      0         1024   
       Linker Generated:             0      76        0      
    +--+-----------------------------+------+---------+---------+
       Grand Total:                  8220   524       1552   


LINKER GENERATED COPY TABLES

__TI_cinit_table @ 00002224 records: 3, size/record: 8, table size: 24
	.data: load addr=000021e0, load size=0000001a bytes, run addr=200000e8, run size=0000001c bytes, compression=rle
	.bss: load addr=00002200, load size=00000009 bytes, run addr=20000104, run size=00000004 bytes, compression=rle
	.vtable: load addr=00002210, load size=00000009 bytes, run addr=20000000, run size=000000e8 bytes, compression=rle


LINKER GENERATED HANDLER TABLE

__TI_handler_table @ 0000221c records: 2, size/record: 4, table size: 8
	index: 0, handler: __TI_decompress_rle24
	index: 1, handler: __TI_decompress_none


GLOBAL SYMBOLS: SORTED ALPHABETICALLY BY Name 

address   name                                       
-------   ----                                       
000020f7  ADC14_IRQHandler                           
000020f7  AES256_IRQHandler                          
000020f7  BusFault_Handler                           
00001fd1  C$$EXIT                                    
000020f7  COMP_E0_IRQHandler                         
000020f7  COMP_E1_IRQHandler                         
000020a5  CPU_basepriGet                             
00002097  CPU_basepriSet                             
00002071  CPU_cpsid                                  
00002087  CPU_cpsie                                  
0000207d  CPU_primask                                
00002093  CPU_wfi                                    
000020f7  CS_IRQHandler                              
000020f7  DMA_ERR_IRQHandler                         
000020f7  DMA_INT0_IRQHandler                        
000020f7  DMA_INT1_IRQHandler                        
000020f7  DMA_INT2_IRQHandler                        
000020f7  DMA_INT3_IRQHandler                        
000020f7  DebugMon_Handler                           
000020f7  Default_Handler                            
000020f7  EUSCIA0_IRQHandler                         
000020f7  EUSCIA1_IRQHandler                         
000020f7  EUSCIA2_IRQHandler                         
000020f7  EUSCIA3_IRQHandler                         
000020f7  EUSCIB0_IRQHandler                         
000020f7  EUSCIB1_IRQHandler                         
000020f7  EUSCIB2_IRQHandler                         
000020f7  EUSCIB3_IRQHandler                         
000020f7  FLCTL_IRQHandler                           
000020f7  FPU_IRQHandler                             
00001173  GPIO_clearInterruptFlag                    
00001133  GPIO_disableInterrupt                      
00001111  GPIO_enableInterrupt                       
000011cb  GPIO_getEnabledInterruptStatus             
000010e3  GPIO_getInputPinValue                      
00001155  GPIO_getInterruptStatus                    
00001195  GPIO_interruptEdgeSelect                   
0000128b  GPIO_registerInterrupt                     
00000e8b  GPIO_setAsInputPin                         
0000103f  GPIO_setAsInputPinWithPullDownResistor     
00001091  GPIO_setAsInputPinWithPullUpResistor       
00000e51  GPIO_setAsOutputPin                        
00000f55  GPIO_setAsPeripheralModuleFunctionInputPin 
00000ed1  GPIO_setAsPeripheralModuleFunctionOutputPin
00001247  GPIO_setDriveStrengthHigh                  
00001269  GPIO_setDriveStrengthLow                   
00000fd9  GPIO_setOutputHighOnPin                    
00000ffb  GPIO_setOutputLowOnPin                     
0000101d  GPIO_toggleOutputOnPin                     
000012ab  GPIO_unregisterInterrupt                   
000020f7  HardFault_Handler                          
00001493  Interrupt_disableInterrupt                 
000012e3  Interrupt_disableMaster                    
00001691  Interrupt_disableSleepOnIsrExit            
00001421  Interrupt_enableInterrupt                  
000012d3  Interrupt_enableMaster                     
0000167f  Interrupt_enableSleepOnIsrExit             
000013fb  Interrupt_getPriority                      
00001373  Interrupt_getPriorityGrouping              
0000165f  Interrupt_getPriorityMask                  
00001679  Interrupt_getVectorTableAddress            
00001505  Interrupt_isEnabled                        
00001591  Interrupt_pendInterrupt                    
000012f3  Interrupt_registerInterrupt                
000013ab  Interrupt_setPriority                      
00001359  Interrupt_setPriorityGrouping              
0000164f  Interrupt_setPriorityMask                  
00001669  Interrupt_setVectorTableAddress            
00001601  Interrupt_unpendInterrupt                  
00001345  Interrupt_unregisterInterrupt              
000020f7  MemManage_Handler                          
000020f7  NMI_Handler                                
000020f7  PCM_IRQHandler                             
000008bb  PCM_clearInterruptFlag                     
00000891  PCM_disableInterrupt                       
00000869  PCM_disableRudeMode                        
0000087d  PCM_enableInterrupt                        
00000857  PCM_enableRudeMode                         
00000267  PCM_getCoreVoltageLevel                    
000008ab  PCM_getEnabledInterruptStatus              
000008a5  PCM_getInterruptStatus                     
0000020d  PCM_getPowerMode                           
00000849  PCM_getPowerState                          
00000781  PCM_gotoLPM0                               
0000079f  PCM_gotoLPM0InterruptSafe                  
000007bb  PCM_gotoLPM3                               
0000082d  PCM_gotoLPM3InterruptSafe                  
00000755  PCM_gotoLPM4                               
00000765  PCM_gotoLPM4InterruptSafe                  
000008cf  PCM_registerInterrupt                      
000001db  PCM_setCoreVoltageLevel                    
000001fd  PCM_setCoreVoltageLevelNonBlocking         
000001eb  PCM_setCoreVoltageLevelWithTimeout         
0000040d  PCM_setPowerMode                           
0000041d  PCM_setPowerModeNonBlocking                
0000042d  PCM_setPowerModeWithTimeout                
000006df  PCM_setPowerState                          
00000701  PCM_setPowerStateNonBlocking               
000006ef  PCM_setPowerStateWithTimeout               
00000711  PCM_shutdownDevice                         
000008e3  PCM_unregisterInterrupt                    
000020f7  PORT1_IRQHandler                           
000020f7  PORT2_IRQHandler                           
000020f7  PORT3_IRQHandler                           
000020f7  PORT4_IRQHandler                           
000020f7  PORT5_IRQHandler                           
000020f7  PORT6_IRQHandler                           
000020f7  PSS_IRQHandler                             
000020f7  PendSV_Handler                             
000020f7  RTC_C_IRQHandler                           
00000da9  RTC_C_clearInterruptFlag                   
00000bd7  RTC_C_convertBCDToBinary                   
00000bef  RTC_C_convertBinaryToBCD                   
00000b1b  RTC_C_definePrescaleEvent                  
00000c71  RTC_C_disableInterrupt                     
00000c0d  RTC_C_enableInterrupt                      
00000a4d  RTC_C_getCalendarTime                      
00000d41  RTC_C_getEnabledInterruptStatus            
00000cdd  RTC_C_getInterruptStatus                   
00000b5b  RTC_C_getPrescaleValue                     
00000937  RTC_C_holdClock                            
000009db  RTC_C_initCalendar                         
00000def  RTC_C_registerInterrupt                    
00000ab3  RTC_C_setCalendarAlarm                     
00000aeb  RTC_C_setCalendarEvent                     
00000985  RTC_C_setCalibrationData                   
00000955  RTC_C_setCalibrationFrequency              
00000b87  RTC_C_setPrescaleValue                     
000009b1  RTC_C_setTemperatureCompensation           
00000919  RTC_C_startClock                           
00000e03  RTC_C_unregisterInterrupt                  
000020eb  Reset_Handler                              
UNDEFED   SHT$$INIT_ARRAY$$Base                      
UNDEFED   SHT$$INIT_ARRAY$$Limit                     
000020f7  SVC_Handler                                
00001be3  SysCtl_disableGlitchFilter                 
00001a6f  SysCtl_disableNMISource                    
00001b7b  SysCtl_disablePeripheralAtCPUHalt          
00001abd  SysCtl_disableSRAMBank                     
00001b41  SysCtl_disableSRAMBankRetention            
00001bd7  SysCtl_enableGlitchFilter                  
00001a83  SysCtl_enableNMISource                     
00001b67  SysCtl_enablePeripheralAtCPUHalt           
00001aa1  SysCtl_enableSRAMBank                      
00001b25  SysCtl_enableSRAMBankRetention             
00001a69  SysCtl_getFlashSize                        
00001a97  SysCtl_getNMISourceStatus                  
00001a63  SysCtl_getSRAMSize                         
000019ed  SysCtl_getTLVInfo                          
00001bef  SysCtl_getTempCalibrationConstant          
00001b5d  SysCtl_rebootDevice                        
00001bb3  SysCtl_setWDTPasswordViolationResetType    
00001b8f  SysCtl_setWDTTimeoutResetType              
000020f7  SysTick_Handler                            
20000100  SystemCoreClock                            
000016c1  SystemCoreClockUpdate                      
00001935  SystemInit                                 
000020f7  T32_INT1_IRQHandler                        
000020f7  T32_INT2_IRQHandler                        
000020f7  T32_INTC_IRQHandler                        
000020f7  TA0_0_IRQHandler                           
000020f7  TA0_N_IRQHandler                           
000020f7  TA1_0_IRQHandler                           
000020f7  TA1_N_IRQHandler                           
000020f7  TA2_0_IRQHandler                           
000020f7  TA2_N_IRQHandler                           
000020f7  TA3_0_IRQHandler                           
000020f7  TA3_N_IRQHandler                           
000020f7  UsageFault_Handler                         
4000480c  WDTCTL_SYM                                 
000020f7  WDT_A_IRQHandler                           
00001c75  WDT_A_clearTimer                           
00001c35  WDT_A_holdTimer                            
00001cb1  WDT_A_initIntervalTimer                    
00001c95  WDT_A_initWatchdogTimer                    
00001ce5  WDT_A_registerInterrupt                    
00001ccd  WDT_A_setPasswordViolationReset            
00001cd9  WDT_A_setTimeoutReset                      
00001c55  WDT_A_startTimer                           
00001cf9  WDT_A_unregisterInterrupt                  
20010000  __STACK_END                                
00000200  __STACK_SIZE                               
00002224  __TI_CINIT_Base                            
0000223c  __TI_CINIT_Limit                           
0000221c  __TI_Handler_Table_Base                    
00002224  __TI_Handler_Table_Limit                   
00001ea1  __TI_auto_init                             
200000e8  __TI_cleanup_ptr                           
000020dd  __TI_decompress_none                       
000020f9  __TI_decompress_rle24                      
200000ec  __TI_dtors_ptr                             
200000f0  __TI_enable_exit_profile_output            
ffffffff  __TI_pprof_out_hndl                        
ffffffff  __TI_prof_data_size                        
ffffffff  __TI_prof_data_start                       
00000000  __TI_static_base__                         
00001e25  __aeabi_memclr                             
00001e25  __aeabi_memclr4                            
00001e25  __aeabi_memclr8                            
00001d0d  __aeabi_memcpy                             
00001d0d  __aeabi_memcpy4                            
00001d0d  __aeabi_memcpy8                            
00001e27  __aeabi_memset                             
00001e27  __aeabi_memset4                            
00001e27  __aeabi_memset8                            
ffffffff  __binit__                                  
ffffffff  __c_args__                                 
00001e9f  __mpu_init                                 
2000fe00  __stack                                    
000020b1  _args_main                                 
00001f7d  _c_int00                                   
200000f4  _lock                                      
000020d7  _nop                                       
000020cf  _register_lock                             
000020c9  _register_unlock                           
00001f7b  _system_post_cinit                         
000020ff  _system_pre_init                           
200000f8  _unlock                                    
00001fd5  abort                                      
ffffffff  binit                                      
00002025  copy_in                                    
00001fdd  exit                                       
20000000  g_pfnRAMVectors                            
00001dfb  gpio_isr                                   
00000000  interruptVectors                           
00001da9  main                                       
200000fc  main_func_sp                               
00001d0d  memcpy                                     
00001e2d  memset                                     
20000104  status                                     


GLOBAL SYMBOLS: SORTED BY Symbol Address 

address   name                                       
-------   ----                                       
00000000  __TI_static_base__                         
00000000  interruptVectors                           
000001db  PCM_setCoreVoltageLevel                    
000001eb  PCM_setCoreVoltageLevelWithTimeout         
000001fd  PCM_setCoreVoltageLevelNonBlocking         
00000200  __STACK_SIZE                               
0000020d  PCM_getPowerMode                           
00000267  PCM_getCoreVoltageLevel                    
0000040d  PCM_setPowerMode                           
0000041d  PCM_setPowerModeNonBlocking                
0000042d  PCM_setPowerModeWithTimeout                
000006df  PCM_setPowerState                          
000006ef  PCM_setPowerStateWithTimeout               
00000701  PCM_setPowerStateNonBlocking               
00000711  PCM_shutdownDevice                         
00000755  PCM_gotoLPM4                               
00000765  PCM_gotoLPM4InterruptSafe                  
00000781  PCM_gotoLPM0                               
0000079f  PCM_gotoLPM0InterruptSafe                  
000007bb  PCM_gotoLPM3                               
0000082d  PCM_gotoLPM3InterruptSafe                  
00000849  PCM_getPowerState                          
00000857  PCM_enableRudeMode                         
00000869  PCM_disableRudeMode                        
0000087d  PCM_enableInterrupt                        
00000891  PCM_disableInterrupt                       
000008a5  PCM_getInterruptStatus                     
000008ab  PCM_getEnabledInterruptStatus              
000008bb  PCM_clearInterruptFlag                     
000008cf  PCM_registerInterrupt                      
000008e3  PCM_unregisterInterrupt                    
00000919  RTC_C_startClock                           
00000937  RTC_C_holdClock                            
00000955  RTC_C_setCalibrationFrequency              
00000985  RTC_C_setCalibrationData                   
000009b1  RTC_C_setTemperatureCompensation           
000009db  RTC_C_initCalendar                         
00000a4d  RTC_C_getCalendarTime                      
00000ab3  RTC_C_setCalendarAlarm                     
00000aeb  RTC_C_setCalendarEvent                     
00000b1b  RTC_C_definePrescaleEvent                  
00000b5b  RTC_C_getPrescaleValue                     
00000b87  RTC_C_setPrescaleValue                     
00000bd7  RTC_C_convertBCDToBinary                   
00000bef  RTC_C_convertBinaryToBCD                   
00000c0d  RTC_C_enableInterrupt                      
00000c71  RTC_C_disableInterrupt                     
00000cdd  RTC_C_getInterruptStatus                   
00000d41  RTC_C_getEnabledInterruptStatus            
00000da9  RTC_C_clearInterruptFlag                   
00000def  RTC_C_registerInterrupt                    
00000e03  RTC_C_unregisterInterrupt                  
00000e51  GPIO_setAsOutputPin                        
00000e8b  GPIO_setAsInputPin                         
00000ed1  GPIO_setAsPeripheralModuleFunctionOutputPin
00000f55  GPIO_setAsPeripheralModuleFunctionInputPin 
00000fd9  GPIO_setOutputHighOnPin                    
00000ffb  GPIO_setOutputLowOnPin                     
0000101d  GPIO_toggleOutputOnPin                     
0000103f  GPIO_setAsInputPinWithPullDownResistor     
00001091  GPIO_setAsInputPinWithPullUpResistor       
000010e3  GPIO_getInputPinValue                      
00001111  GPIO_enableInterrupt                       
00001133  GPIO_disableInterrupt                      
00001155  GPIO_getInterruptStatus                    
00001173  GPIO_clearInterruptFlag                    
00001195  GPIO_interruptEdgeSelect                   
000011cb  GPIO_getEnabledInterruptStatus             
00001247  GPIO_setDriveStrengthHigh                  
00001269  GPIO_setDriveStrengthLow                   
0000128b  GPIO_registerInterrupt                     
000012ab  GPIO_unregisterInterrupt                   
000012d3  Interrupt_enableMaster                     
000012e3  Interrupt_disableMaster                    
000012f3  Interrupt_registerInterrupt                
00001345  Interrupt_unregisterInterrupt              
00001359  Interrupt_setPriorityGrouping              
00001373  Interrupt_getPriorityGrouping              
000013ab  Interrupt_setPriority                      
000013fb  Interrupt_getPriority                      
00001421  Interrupt_enableInterrupt                  
00001493  Interrupt_disableInterrupt                 
00001505  Interrupt_isEnabled                        
00001591  Interrupt_pendInterrupt                    
00001601  Interrupt_unpendInterrupt                  
0000164f  Interrupt_setPriorityMask                  
0000165f  Interrupt_getPriorityMask                  
00001669  Interrupt_setVectorTableAddress            
00001679  Interrupt_getVectorTableAddress            
0000167f  Interrupt_enableSleepOnIsrExit             
00001691  Interrupt_disableSleepOnIsrExit            
000016c1  SystemCoreClockUpdate                      
00001935  SystemInit                                 
000019ed  SysCtl_getTLVInfo                          
00001a63  SysCtl_getSRAMSize                         
00001a69  SysCtl_getFlashSize                        
00001a6f  SysCtl_disableNMISource                    
00001a83  SysCtl_enableNMISource                     
00001a97  SysCtl_getNMISourceStatus                  
00001aa1  SysCtl_enableSRAMBank                      
00001abd  SysCtl_disableSRAMBank                     
00001b25  SysCtl_enableSRAMBankRetention             
00001b41  SysCtl_disableSRAMBankRetention            
00001b5d  SysCtl_rebootDevice                        
00001b67  SysCtl_enablePeripheralAtCPUHalt           
00001b7b  SysCtl_disablePeripheralAtCPUHalt          
00001b8f  SysCtl_setWDTTimeoutResetType              
00001bb3  SysCtl_setWDTPasswordViolationResetType    
00001bd7  SysCtl_enableGlitchFilter                  
00001be3  SysCtl_disableGlitchFilter                 
00001bef  SysCtl_getTempCalibrationConstant          
00001c35  WDT_A_holdTimer                            
00001c55  WDT_A_startTimer                           
00001c75  WDT_A_clearTimer                           
00001c95  WDT_A_initWatchdogTimer                    
00001cb1  WDT_A_initIntervalTimer                    
00001ccd  WDT_A_setPasswordViolationReset            
00001cd9  WDT_A_setTimeoutReset                      
00001ce5  WDT_A_registerInterrupt                    
00001cf9  WDT_A_unregisterInterrupt                  
00001d0d  __aeabi_memcpy                             
00001d0d  __aeabi_memcpy4                            
00001d0d  __aeabi_memcpy8                            
00001d0d  memcpy                                     
00001da9  main                                       
00001dfb  gpio_isr                                   
00001e25  __aeabi_memclr                             
00001e25  __aeabi_memclr4                            
00001e25  __aeabi_memclr8                            
00001e27  __aeabi_memset                             
00001e27  __aeabi_memset4                            
00001e27  __aeabi_memset8                            
00001e2d  memset                                     
00001e9f  __mpu_init                                 
00001ea1  __TI_auto_init                             
00001f7b  _system_post_cinit                         
00001f7d  _c_int00                                   
00001fd1  C$$EXIT                                    
00001fd5  abort                                      
00001fdd  exit                                       
00002025  copy_in                                    
00002071  CPU_cpsid                                  
0000207d  CPU_primask                                
00002087  CPU_cpsie                                  
00002093  CPU_wfi                                    
00002097  CPU_basepriSet                             
000020a5  CPU_basepriGet                             
000020b1  _args_main                                 
000020c9  _register_unlock                           
000020cf  _register_lock                             
000020d7  _nop                                       
000020dd  __TI_decompress_none                       
000020eb  Reset_Handler                              
000020f7  ADC14_IRQHandler                           
000020f7  AES256_IRQHandler                          
000020f7  BusFault_Handler                           
000020f7  COMP_E0_IRQHandler                         
000020f7  COMP_E1_IRQHandler                         
000020f7  CS_IRQHandler                              
000020f7  DMA_ERR_IRQHandler                         
000020f7  DMA_INT0_IRQHandler                        
000020f7  DMA_INT1_IRQHandler                        
000020f7  DMA_INT2_IRQHandler                        
000020f7  DMA_INT3_IRQHandler                        
000020f7  DebugMon_Handler                           
000020f7  Default_Handler                            
000020f7  EUSCIA0_IRQHandler                         
000020f7  EUSCIA1_IRQHandler                         
000020f7  EUSCIA2_IRQHandler                         
000020f7  EUSCIA3_IRQHandler                         
000020f7  EUSCIB0_IRQHandler                         
000020f7  EUSCIB1_IRQHandler                         
000020f7  EUSCIB2_IRQHandler                         
000020f7  EUSCIB3_IRQHandler                         
000020f7  FLCTL_IRQHandler                           
000020f7  FPU_IRQHandler                             
000020f7  HardFault_Handler                          
000020f7  MemManage_Handler                          
000020f7  NMI_Handler                                
000020f7  PCM_IRQHandler                             
000020f7  PORT1_IRQHandler                           
000020f7  PORT2_IRQHandler                           
000020f7  PORT3_IRQHandler                           
000020f7  PORT4_IRQHandler                           
000020f7  PORT5_IRQHandler                           
000020f7  PORT6_IRQHandler                           
000020f7  PSS_IRQHandler                             
000020f7  PendSV_Handler                             
000020f7  RTC_C_IRQHandler                           
000020f7  SVC_Handler                                
000020f7  SysTick_Handler                            
000020f7  T32_INT1_IRQHandler                        
000020f7  T32_INT2_IRQHandler                        
000020f7  T32_INTC_IRQHandler                        
000020f7  TA0_0_IRQHandler                           
000020f7  TA0_N_IRQHandler                           
000020f7  TA1_0_IRQHandler                           
000020f7  TA1_N_IRQHandler                           
000020f7  TA2_0_IRQHandler                           
000020f7  TA2_N_IRQHandler                           
000020f7  TA3_0_IRQHandler                           
000020f7  TA3_N_IRQHandler                           
000020f7  UsageFault_Handler                         
000020f7  WDT_A_IRQHandler                           
000020f9  __TI_decompress_rle24                      
000020ff  _system_pre_init                           
0000221c  __TI_Handler_Table_Base                    
00002224  __TI_CINIT_Base                            
00002224  __TI_Handler_Table_Limit                   
0000223c  __TI_CINIT_Limit                           
20000000  g_pfnRAMVectors                            
200000e8  __TI_cleanup_ptr                           
200000ec  __TI_dtors_ptr                             
200000f0  __TI_enable_exit_profile_output            
200000f4  _lock                                      
200000f8  _unlock                                    
200000fc  main_func_sp                               
20000100  SystemCoreClock                            
20000104  status                                     
2000fe00  __stack                                    
20010000  __STACK_END                                
4000480c  WDTCTL_SYM                                 
ffffffff  __TI_pprof_out_hndl                        
ffffffff  __TI_prof_data_size                        
ffffffff  __TI_prof_data_start                       
ffffffff  __binit__                                  
ffffffff  __c_args__                                 
ffffffff  binit                                      
UNDEFED   SHT$$INIT_ARRAY$$Base                      
UNDEFED   SHT$$INIT_ARRAY$$Limit                     

[230 symbols]
